******************************************************************************
            TI ARM Clang Linker Unix v4.0.1                    
******************************************************************************
>> Linked Wed Apr 23 21:09:08 2025

OUTPUT FILE NAME:   <ECE319K_Lab9H.out>
ENTRY POINT SYMBOL: "_c_int00_noargs"  address: 0000310d


MEMORY CONFIGURATION

         name            origin    length      used     unused   attr    fill
----------------------  --------  ---------  --------  --------  ----  --------
  FLASH                 00000000   00020000  00003340  0001ccc0  R  X
  SRAM                  20200000   00008000  0000044d  00007bb3  RW X
  BCR_CONFIG            41c00000   00000080  00000000  00000080  R   
  BSL_CONFIG            41c00100   00000080  00000000  00000080  R   


SEGMENT ALLOCATION MAP

run origin  load origin   length   init length attrs members
----------  ----------- ---------- ----------- ----- -------
00000000    00000000    00003340   00003340    r-x
  00000000    00000000    000000c0   000000c0    r-- .intvecs
  000000c0    000000c0    00002408   00002408    r-- .rodata
  000024c8    000024c8    00000e30   00000e30    r-x .text
  000032f8    000032f8    00000008   00000008    r-- .init_array
  00003300    00003300    00000040   00000040    r-- .cinit
20200000    20200000    00000250   00000000    rw-
  20200000    20200000    00000200   00000000    rw- .sysmem
  20200200    20200200    00000039   00000000    rw- .data
  2020023c    2020023c    00000014   00000000    rw- .bss
20207e00    20207e00    00000200   00000000    rw-
  20207e00    20207e00    00000200   00000000    rw- .stack


SECTION ALLOCATION MAP

 output                                  attributes/
section   page    origin      length       input sections
--------  ----  ----------  ----------   ----------------
.intvecs   0    00000000    000000c0     
                  00000000    000000c0     startup_mspm0g3507_ticlang.o (.intvecs)

.binit     0    00000000    00000000     

.text      0    000024c8    00000e30     
                  000024c8    000001b4     Clock.o (.text._Z15Clock_Init80MHzi)
                  0000267c    00000128     TExaS.o (.text._Z8ADC_InitP10ADC12_Regsjj)
                  000027a4    00000114     libc.a : memory.c.obj (.text.aligned_alloc)
                  000028b8    000000e8     TExaS.o (.text._Z9UART_Initv)
                  000029a0    000000e0     Lab9HMain.o (.text.TIMG12_IRQHandler)
                  00002a80    000000a8     Timer.o (.text._Z14TimerG7_IntArmtjj)
                  00002b28    0000008a     Bullet.o (.text._ZN6bulletC2E6rocket)
                  00002bb2    00000002     libclang_rt.builtins.a : aeabi_div0.c.obj (.text.__aeabi_idiv0)
                  00002bb4    0000007c     LaunchPad.o (.text._Z14LaunchPad_Initv)
                  00002c30    0000007c     libc.a : copy_decompress_lzss.c.obj (.text:decompress:lzss)
                  00002cac    00000068     Rocket.o (.text._ZN6rocket13rotateInverseEv)
                  00002d14    00000064     libc.a : memory.c.obj (.text.split)
                  00002d78    00000058     TExaS.o (.text._Z10TExaS_InitP10ADC12_RegsjPFhvE)
                  00002dd0    00000054     libc.a : autoinit.c.obj (.text:__TI_auto_init_nobinit)
                  00002e24    00000048     Sound.o (.text.SysTick_Handler)
                  00002e6c    00000044     Sound.o (.text._Z11Sound_StartPKhj)
                  00002eb0    00000044     Sound.o (.text._Z14SysTick_IntArmjj)
                  00002ef4    00000040     TExaS.o (.text.TIMG7_IRQHandler)
                  00002f34    00000040     libclang_rt.builtins.a : aeabi_uidivmod.S.obj (.text.__aeabi_uidivmod)
                  00002f74    0000003c     DAC5.o (.text._Z9DAC5_Initv)
                  00002fb0    00000038     Switch.o (.text._Z11Switch_Initv)
                  00002fe8    00000038     LaunchPad.o (.text._Z15ActivatePortA_Bv)
                  00003020    00000038     Lab9HMain.o (.text.main)
                  00003058    00000034     LED.o (.text._Z8LED_Initv)
                  0000308c    00000030     Sound.o (.text._Z10Sound_Initv)
                  000030bc    00000028     TExaS.o (.text._Z9ADC_StartP10ADC12_Regs)
                  000030e4    00000028     libc.a : memory.c.obj (.text.free_list_insert)
                  0000310c    00000028            : boot_cortex_m.c.obj (.text:_c_int00_noargs)
                  00003134    00000026     libc++abi.a : stdlib_new_delete.cpp.obj (.text._ZL17operator_new_implj)
                  0000315a    00000002     libc.a : _lock.c.obj (.text._nop)
                  0000315c    0000001c     startup_mspm0g3507_ticlang.o (.text.Default_Handler)
                  00003178    0000001c     startup_mspm0g3507_ticlang.o (.text.HardFault_Handler)
                  00003194    0000001c     DAC5.o (.text._Z8DAC5_Outj)
                  000031b0    0000001c     libc.a : memory.c.obj (.text.free_list_remove)
                  000031cc    00000018     Lab9HMain.o (.text.__cxx_global_var_init)
                  000031e4    00000016     libc.a : copy_zero_init.c.obj (.text:decompress:ZI:__TI_zero_init_nomemset)
                  000031fa    00000002     --HOLE-- [fill = 0]
                  000031fc    00000014     Sound.o (.text._Z11Sound_Shootv)
                  00003210    00000014     libc++abi.a : stdlib_new_delete.cpp.obj (.text._Znwj)
                  00003224    00000012     libc.a : memcpy16.S.obj (.text:TI_memcpy_small)
                  00003236    00000012            : copy_decompress_none.c.obj (.text:decompress:none)
                  00003248    00000010     Clock.o (.text._Z11Clock_Delayj)
                  00003258    0000000e     SlidePot.o (.text._ZN8SlidePotC2Ejj)
                  00003266    00000002     --HOLE-- [fill = 0]
                  00003268    0000000c     Clock.o (.text._Z10Clock_Freqv)
                  00003274    0000000c     libc++abi.a : stdlib_new_delete.cpp.obj (.text._Z22__throw_bad_alloc_shimv)
                  00003280    0000000c     Rocket.o (.text._ZN6rocket4getXEv)
                  0000328c    0000000c     Rocket.o (.text._ZN6rocket4getYEv)
                  00003298    0000000c     Rocket.o (.text._ZN6rocket5getVXEv)
                  000032a4    0000000c     Rocket.o (.text._ZN6rocket5getVYEv)
                  000032b0    0000000c     libc++abi.a : cxa_handlers.cpp.obj (.text._ZSt15get_new_handlerv)
                  000032bc    0000000c     libc.a : memory.c.obj (.text.malloc)
                  000032c8    0000000a     Lab9HMain.o (.text._Z8PLL_Initv)
                  000032d2    00000008     Lab9HMain.o (.text._GLOBAL__sub_I_Lab9HMain.cpp)
                  000032da    00000002     --HOLE-- [fill = 0]
                  000032dc    00000008     libclang_rt.builtins.a : aeabi_memcpy.S.obj (.text.__aeabi_memcpy)
                  000032e4    00000004     startup_mspm0g3507_ticlang.o (.text.Reset_Handler)
                  000032e8    00000004     libc.a : pre_init.c.obj (.text._system_pre_init)
                  000032ec    00000004     libc++abi.a : abort_message.cpp.obj (.text.abort_message)
                  000032f0    00000004     libc.a : exit.c.obj (.text:abort)
                  000032f4    00000004     --HOLE-- [fill = 0]

.cinit     0    00003300    00000040     
                  00003300    00000015     (.cinit..data.load) [load image, compression = lzss]
                  00003315    00000003     --HOLE-- [fill = 0]
                  00003318    0000000c     (__TI_handler_table)
                  00003324    00000008     (.cinit..bss.load) [load image, compression = zero_init]
                  0000332c    00000010     (__TI_cinit_table)
                  0000333c    00000004     --HOLE-- [fill = 0]

.rodata    0    000000c0    00002408     
                  000000c0    00002351     Sound.o (.rodata._ZL5Shoot)
                  00002411    00000003     --HOLE-- [fill = 0]
                  00002414    00000040     Rocket.o (.rodata..L__const._ZN6rocket13rotateInverseEv.rotateX)
                  00002454    00000040     Rocket.o (.rodata..L__const._ZN6rocket13rotateInverseEv.rotateY)
                  00002494    0000002d     libc++abi.a : stdlib_new_delete.cpp.obj (.rodata.str1.6945404916631741401)
                  000024c1    00000007     --HOLE-- [fill = 0]

.init_array 
*          0    000032f8    00000008     
                  000032f8    00000004     Lab9HMain.o (.init_array)
                  000032fc    00000004     --HOLE-- [fill = 0]

.sysmem    0    20200000    00000200     UNINITIALIZED
                  20200000    00000010     libc.a : memory.c.obj (.sysmem)
                  20200010    000001f0     --HOLE--

.data      0    20200200    00000039     UNINITIALIZED
                  20200200    00000014     Lab9HMain.o (.data.Sensor)
                  20200214    00000004     Clock.o (.data.BusFreq)
                  20200218    00000004     libc++abi.a : cxa_default_handlers.cpp.obj (.data.__cxa_new_handler)
                  2020021c    00000004     libc.a : _lock.c.obj (.data._lock)
                  20200220    00000004            : _lock.c.obj (.data._unlock)
                  20200224    00000004     Lab9HMain.o (.data.bulletP1)
                  20200228    00000004     Lab9HMain.o (.data.flag)
                  2020022c    00000004     Sound.o (.data.period)
                  20200230    00000004     Sound.o (.data.soundCount)
                  20200234    00000004     Sound.o (.data.soundPt)
                  20200238    00000001     libc.a : memory.c.obj (.data.memory_is_initialized)

.bss       0    2020023c    00000014     UNINITIALIZED
                  2020023c    00000004     TExaS.o (.bss.TExaSLogic)
                  20200240    00000004     TExaS.o (.bss.TExaSadc)
                  20200244    00000004     Lab9HMain.o (.bss.ship1)
                  20200248    00000004     Lab9HMain.o (.bss.ship2)
                  2020024c    00000004     libc.a : memory.c.obj (.bss.sys_free)

.stack     0    20207e00    00000200     UNINITIALIZED
                  20207e00    00000004     libc.a : boot_cortex_m.c.obj (.stack)
                  20207e04    000001fc     --HOLE--

__llvm_prf_cnts 
*          0    20200000    00000000     UNINITIALIZED

__llvm_prf_bits 
*          0    20200000    00000000     UNINITIALIZED

MODULE SUMMARY

       Module                         code   ro data   rw data
       ------                         ----   -------   -------
    ./
       Sound.o                        276    9041      12     
       TExaS.o                        720    0         8      
       Clock.o                        464    0         4      
       Lab9HMain.o                    322    4         36     
       Rocket.o                       152    128       0      
       LaunchPad.o                    180    0         0      
       Timer.o                        168    0         0      
       Bullet.o                       138    0         0      
       DAC5.o                         88     0         0      
       Switch.o                       56     0         0      
       LED.o                          52     0         0      
       SlidePot.o                     14     0         0      
    +--+------------------------------+------+---------+---------+
       Total:                         2630   9173      60     
                                                              
    ./ticlang/
       startup_mspm0g3507_ticlang.o   60     192       0      
    +--+------------------------------+------+---------+---------+
       Total:                         60     192       0      
                                                              
    /Applications/ti/ccs2000/ccs/tools/compiler/ti-cgt-armllvm_4.0.1.LTS/lib/armv6m-ti-none-eabi/c/libc.a
       memory.c.obj                   456    0         5      
       copy_decompress_lzss.c.obj     124    0         0      
       autoinit.c.obj                 84     0         0      
       boot_cortex_m.c.obj            40     0         0      
       copy_zero_init.c.obj           22     0         0      
       copy_decompress_none.c.obj     18     0         0      
       memcpy16.S.obj                 18     0         0      
       _lock.c.obj                    2      0         8      
       exit.c.obj                     4      0         0      
       pre_init.c.obj                 4      0         0      
    +--+------------------------------+------+---------+---------+
       Total:                         772    0         13     
                                                              
    /Applications/ti/ccs2000/ccs/tools/compiler/ti-cgt-armllvm_4.0.1.LTS/lib/armv6m-ti-none-eabi/libc++abi.a
       stdlib_new_delete.cpp.obj      70     45        0      
       cxa_handlers.cpp.obj           12     0         0      
       abort_message.cpp.obj          4      0         0      
       cxa_default_handlers.cpp.obj   0      0         4      
    +--+------------------------------+------+---------+---------+
       Total:                         86     45        4      
                                                              
    /Applications/ti/ccs2000/ccs/tools/compiler/ti-cgt-armllvm_4.0.1.LTS/lib/armv6m-ti-none-eabi/libclang_rt.builtins.a
       aeabi_uidivmod.S.obj           64     0         0      
       aeabi_memcpy.S.obj             8      0         0      
       aeabi_div0.c.obj               2      0         0      
    +--+------------------------------+------+---------+---------+
       Total:                         74     0         0      
                                                              
       Heap:                          0      0         512    
       Stack:                         0      0         512    
       Linker Generated:              0      57        0      
    +--+------------------------------+------+---------+---------+
       Grand Total:                   3622   9467      1101   


LINKER GENERATED COPY TABLES

__TI_cinit_table @ 0000332c records: 2, size/record: 8, table size: 16
	.data: load addr=00003300, load size=00000015 bytes, run addr=20200200, run size=00000039 bytes, compression=lzss
	.bss: load addr=00003324, load size=00000008 bytes, run addr=2020023c, run size=00000014 bytes, compression=zero_init


LINKER GENERATED HANDLER TABLE

__TI_handler_table @ 00003318 records: 3, size/record: 4, table size: 12
	index: 0, handler: __TI_decompress_lzss
	index: 1, handler: __TI_decompress_none
	index: 2, handler: __TI_zero_init


GLOBAL SYMBOLS: SORTED ALPHABETICALLY BY Name 

address   name                             
-------   ----                             
0000315d  ADC0_IRQHandler                  
0000315d  ADC1_IRQHandler                  
0000315d  AES_IRQHandler                   
20200214  BusFreq                          
000032f0  C$$EXIT                          
0000315d  CANFD0_IRQHandler                
0000315d  DAC0_IRQHandler                  
0000315d  DMA_IRQHandler                   
0000315d  Default_Handler                  
0000315d  GROUP0_IRQHandler                
0000315d  GROUP1_IRQHandler                
00003179  HardFault_Handler                
0000315d  I2C0_IRQHandler                  
0000315d  I2C1_IRQHandler                  
0000315d  NMI_Handler                      
0000315d  PendSV_Handler                   
0000315d  RTC_IRQHandler                   
000032e5  Reset_Handler                    
000032f8  SHT$$INIT_ARRAY$$Base            
000032fc  SHT$$INIT_ARRAY$$Limit           
0000315d  SPI0_IRQHandler                  
0000315d  SPI1_IRQHandler                  
0000315d  SVC_Handler                      
20200200  Sensor                           
00002e25  SysTick_Handler                  
2020023c  TExaSLogic                       
20200240  TExaSadc                         
0000315d  TIMA0_IRQHandler                 
0000315d  TIMA1_IRQHandler                 
0000315d  TIMG0_IRQHandler                 
000029a1  TIMG12_IRQHandler                
0000315d  TIMG6_IRQHandler                 
00002ef5  TIMG7_IRQHandler                 
0000315d  TIMG8_IRQHandler                 
00003225  TI_memcpy_small                  
0000315d  UART0_IRQHandler                 
0000315d  UART1_IRQHandler                 
0000315d  UART2_IRQHandler                 
0000315d  UART3_IRQHandler                 
00003269  _Z10Clock_Freqv                  
0000308d  _Z10Sound_Initv                  
00002d79  _Z10TExaS_InitP10ADC12_RegsjPFhvE
00003249  _Z11Clock_Delayj                 
000031fd  _Z11Sound_Shootv                 
00002e6d  _Z11Sound_StartPKhj              
00002fb1  _Z11Switch_Initv                 
00002bb5  _Z14LaunchPad_Initv              
00002eb1  _Z14SysTick_IntArmjj             
00002a81  _Z14TimerG7_IntArmtjj            
00002fe9  _Z15ActivatePortA_Bv             
000024c9  _Z15Clock_Init80MHzi             
00003275  _Z22__throw_bad_alloc_shimv      
0000267d  _Z8ADC_InitP10ADC12_Regsjj       
00003195  _Z8DAC5_Outj                     
00003059  _Z8LED_Initv                     
000032c9  _Z8PLL_Initv                     
000030bd  _Z9ADC_StartP10ADC12_Regs        
00002f75  _Z9DAC5_Initv                    
000028b9  _Z9UART_Initv                    
00002b29  _ZN6bulletC1E6rocket             
00002b29  _ZN6bulletC2E6rocket             
00002cad  _ZN6rocket13rotateInverseEv      
00003281  _ZN6rocket4getXEv                
0000328d  _ZN6rocket4getYEv                
00003299  _ZN6rocket5getVXEv               
000032a5  _ZN6rocket5getVYEv               
00003259  _ZN8SlidePotC1Ejj                
00003259  _ZN8SlidePotC2Ejj                
000032b1  _ZSt15get_new_handlerv           
00003211  _Znwj                            
20208000  __STACK_END                      
00000200  __STACK_SIZE                     
00000200  __SYSMEM_SIZE                    
00000000  __TI_ATRegion0_region_sz         
00000000  __TI_ATRegion0_src_addr          
00000000  __TI_ATRegion0_trg_addr          
00000000  __TI_ATRegion1_region_sz         
00000000  __TI_ATRegion1_src_addr          
00000000  __TI_ATRegion1_trg_addr          
00000000  __TI_ATRegion2_region_sz         
00000000  __TI_ATRegion2_src_addr          
00000000  __TI_ATRegion2_trg_addr          
0000332c  __TI_CINIT_Base                  
0000333c  __TI_CINIT_Limit                 
0000333c  __TI_CINIT_Warm                  
00003318  __TI_Handler_Table_Base          
00003324  __TI_Handler_Table_Limit         
00002dd1  __TI_auto_init_nobinit           
00002c31  __TI_decompress_lzss             
00003237  __TI_decompress_none             
ffffffff  __TI_pprof_out_hndl              
ffffffff  __TI_prof_data_size              
ffffffff  __TI_prof_data_start             
00000000  __TI_static_base__               
000031e5  __TI_zero_init_nomemset          
00002bb3  __aeabi_idiv0                    
000032dd  __aeabi_memcpy                   
000032dd  __aeabi_memcpy4                  
000032dd  __aeabi_memcpy8                  
00002f35  __aeabi_uidiv                    
00002f35  __aeabi_uidivmod                 
ffffffff  __binit__                        
20200218  __cxa_new_handler                
UNDEFED   __mpu_init                       
20207e00  __stack                          
20200000  __start___llvm_prf_bits          
20200000  __start___llvm_prf_cnts          
20200000  __stop___llvm_prf_bits           
20200000  __stop___llvm_prf_cnts           
0000310d  _c_int00_noargs                  
2020021c  _lock                            
0000315b  _nop                             
20200000  _sys_memory                      
UNDEFED   _system_post_cinit               
000032e9  _system_pre_init                 
20200220  _unlock                          
000032f1  abort                            
000032ed  abort_message                    
000027a5  aligned_alloc                    
ffffffff  binit                            
20200224  bulletP1                         
20200228  flag                             
00000000  interruptVectors                 
00003021  main                             
000032bd  malloc                           
000027a5  memalign                         
2020022c  period                           
20200244  ship1                            
20200248  ship2                            
20200230  soundCount                       
20200234  soundPt                          


GLOBAL SYMBOLS: SORTED BY Symbol Address 

address   name                             
-------   ----                             
00000000  __TI_ATRegion0_region_sz         
00000000  __TI_ATRegion0_src_addr          
00000000  __TI_ATRegion0_trg_addr          
00000000  __TI_ATRegion1_region_sz         
00000000  __TI_ATRegion1_src_addr          
00000000  __TI_ATRegion1_trg_addr          
00000000  __TI_ATRegion2_region_sz         
00000000  __TI_ATRegion2_src_addr          
00000000  __TI_ATRegion2_trg_addr          
00000000  __TI_static_base__               
00000000  interruptVectors                 
00000200  __STACK_SIZE                     
00000200  __SYSMEM_SIZE                    
000024c9  _Z15Clock_Init80MHzi             
0000267d  _Z8ADC_InitP10ADC12_Regsjj       
000027a5  aligned_alloc                    
000027a5  memalign                         
000028b9  _Z9UART_Initv                    
000029a1  TIMG12_IRQHandler                
00002a81  _Z14TimerG7_IntArmtjj            
00002b29  _ZN6bulletC1E6rocket             
00002b29  _ZN6bulletC2E6rocket             
00002bb3  __aeabi_idiv0                    
00002bb5  _Z14LaunchPad_Initv              
00002c31  __TI_decompress_lzss             
00002cad  _ZN6rocket13rotateInverseEv      
00002d79  _Z10TExaS_InitP10ADC12_RegsjPFhvE
00002dd1  __TI_auto_init_nobinit           
00002e25  SysTick_Handler                  
00002e6d  _Z11Sound_StartPKhj              
00002eb1  _Z14SysTick_IntArmjj             
00002ef5  TIMG7_IRQHandler                 
00002f35  __aeabi_uidiv                    
00002f35  __aeabi_uidivmod                 
00002f75  _Z9DAC5_Initv                    
00002fb1  _Z11Switch_Initv                 
00002fe9  _Z15ActivatePortA_Bv             
00003021  main                             
00003059  _Z8LED_Initv                     
0000308d  _Z10Sound_Initv                  
000030bd  _Z9ADC_StartP10ADC12_Regs        
0000310d  _c_int00_noargs                  
0000315b  _nop                             
0000315d  ADC0_IRQHandler                  
0000315d  ADC1_IRQHandler                  
0000315d  AES_IRQHandler                   
0000315d  CANFD0_IRQHandler                
0000315d  DAC0_IRQHandler                  
0000315d  DMA_IRQHandler                   
0000315d  Default_Handler                  
0000315d  GROUP0_IRQHandler                
0000315d  GROUP1_IRQHandler                
0000315d  I2C0_IRQHandler                  
0000315d  I2C1_IRQHandler                  
0000315d  NMI_Handler                      
0000315d  PendSV_Handler                   
0000315d  RTC_IRQHandler                   
0000315d  SPI0_IRQHandler                  
0000315d  SPI1_IRQHandler                  
0000315d  SVC_Handler                      
0000315d  TIMA0_IRQHandler                 
0000315d  TIMA1_IRQHandler                 
0000315d  TIMG0_IRQHandler                 
0000315d  TIMG6_IRQHandler                 
0000315d  TIMG8_IRQHandler                 
0000315d  UART0_IRQHandler                 
0000315d  UART1_IRQHandler                 
0000315d  UART2_IRQHandler                 
0000315d  UART3_IRQHandler                 
00003179  HardFault_Handler                
00003195  _Z8DAC5_Outj                     
000031e5  __TI_zero_init_nomemset          
000031fd  _Z11Sound_Shootv                 
00003211  _Znwj                            
00003225  TI_memcpy_small                  
00003237  __TI_decompress_none             
00003249  _Z11Clock_Delayj                 
00003259  _ZN8SlidePotC1Ejj                
00003259  _ZN8SlidePotC2Ejj                
00003269  _Z10Clock_Freqv                  
00003275  _Z22__throw_bad_alloc_shimv      
00003281  _ZN6rocket4getXEv                
0000328d  _ZN6rocket4getYEv                
00003299  _ZN6rocket5getVXEv               
000032a5  _ZN6rocket5getVYEv               
000032b1  _ZSt15get_new_handlerv           
000032bd  malloc                           
000032c9  _Z8PLL_Initv                     
000032dd  __aeabi_memcpy                   
000032dd  __aeabi_memcpy4                  
000032dd  __aeabi_memcpy8                  
000032e5  Reset_Handler                    
000032e9  _system_pre_init                 
000032ed  abort_message                    
000032f0  C$$EXIT                          
000032f1  abort                            
000032f8  SHT$$INIT_ARRAY$$Base            
000032fc  SHT$$INIT_ARRAY$$Limit           
00003318  __TI_Handler_Table_Base          
00003324  __TI_Handler_Table_Limit         
0000332c  __TI_CINIT_Base                  
0000333c  __TI_CINIT_Limit                 
0000333c  __TI_CINIT_Warm                  
20200000  __start___llvm_prf_bits          
20200000  __start___llvm_prf_cnts          
20200000  __stop___llvm_prf_bits           
20200000  __stop___llvm_prf_cnts           
20200000  _sys_memory                      
20200200  Sensor                           
20200214  BusFreq                          
20200218  __cxa_new_handler                
2020021c  _lock                            
20200220  _unlock                          
20200224  bulletP1                         
20200228  flag                             
2020022c  period                           
20200230  soundCount                       
20200234  soundPt                          
2020023c  TExaSLogic                       
20200240  TExaSadc                         
20200244  ship1                            
20200248  ship2                            
20207e00  __stack                          
20208000  __STACK_END                      
ffffffff  __TI_pprof_out_hndl              
ffffffff  __TI_prof_data_size              
ffffffff  __TI_prof_data_start             
ffffffff  __binit__                        
ffffffff  binit                            
UNDEFED   __mpu_init                       
UNDEFED   _system_post_cinit               

[131 symbols]
