<?xml version="1.0" encoding="ISO-8859-1" ?>
<link_info>
   <banner>TI ARM Clang Linker Unix v4.0.1.LTS</banner>
   <copyright>Copyright (c) 1996-2018 Texas Instruments Incorporated</copyright>
   <command_line>/Applications/ti/ccs2000/ccs/tools/compiler/ti-cgt-armllvm_4.0.1.LTS/bin/tiarmlnk -I/Applications/ti/ccs2000/ccs/tools/compiler/ti-cgt-armllvm_4.0.1.LTS/lib -o ECE319K_Lab9H.out -mECE319K_Lab9H.map --heap_size=512 --stack_size=512 -i/Users/sanjaysenthil/Desktop/319K/MSPM0_ValvanoWare/ECE319K_Lab9H/Debug/syscfg -i/Applications/ti/ccs2000/ccs/tools/compiler/ti-cgt-armllvm_4.0.1.LTS/lib --diag_wrap=off --display_error_number --warn_sections --xml_link_info=ECE319K_Lab9H_linkInfo.xml --rom_model ./Boundary.o ./Bullet.o ./Clock.o ./DAC5.o ./LED.o ./Lab9HMain.o ./LaunchPad.o ./Rocket.o ./SPI.o ./ST7735.o ./SlidePot.o ./SmallFont.o ./Sound.o ./Switch.o ./TExaS.o ./Timer.o ./images.o ./images/pipedreams/PipeSound.o ./ticlang/startup_mspm0g3507_ticlang.o ../mspm0g3507.cmd -l/Applications/ti/mspm0_sdk_2_03_00_07/source/ti/driverlib/lib/ticlang/m0p/mspm0g1x0x_g3x0x/driverlib.a -llibc.a --start-group -llibc++.a -llibc++abi.a -llibc.a -llibsys.a -llibsysbm.a -llibclang_rt.builtins.a -llibclang_rt.profile.a --end-group --cg_opt_level=0</command_line>
   <link_time>0x68046cde</link_time>
   <link_errors>0x0</link_errors>
   <output_file>/Users/sanjaysenthil/Desktop/319K/MSPM0_ValvanoWare/ECE319K_Lab9H/Debug/ECE319K_Lab9H.out</output_file>
   <entry_point>
      <name>_c_int00_noargs</name>
      <address>0xcf3d</address>
   </entry_point>
   <input_file_list>
      <input_file id="fl-1">
         <path>/Users/sanjaysenthil/Desktop/319K/MSPM0_ValvanoWare/ECE319K_Lab9H/Debug/./</path>
         <kind>object</kind>
         <file>Boundary.o</file>
         <name>Boundary.o</name>
      </input_file>
      <input_file id="fl-2">
         <path>/Users/sanjaysenthil/Desktop/319K/MSPM0_ValvanoWare/ECE319K_Lab9H/Debug/./</path>
         <kind>object</kind>
         <file>Bullet.o</file>
         <name>Bullet.o</name>
      </input_file>
      <input_file id="fl-3">
         <path>/Users/sanjaysenthil/Desktop/319K/MSPM0_ValvanoWare/ECE319K_Lab9H/Debug/./</path>
         <kind>object</kind>
         <file>Clock.o</file>
         <name>Clock.o</name>
      </input_file>
      <input_file id="fl-4">
         <path>/Users/sanjaysenthil/Desktop/319K/MSPM0_ValvanoWare/ECE319K_Lab9H/Debug/./</path>
         <kind>object</kind>
         <file>DAC5.o</file>
         <name>DAC5.o</name>
      </input_file>
      <input_file id="fl-5">
         <path>/Users/sanjaysenthil/Desktop/319K/MSPM0_ValvanoWare/ECE319K_Lab9H/Debug/./</path>
         <kind>object</kind>
         <file>LED.o</file>
         <name>LED.o</name>
      </input_file>
      <input_file id="fl-6">
         <path>/Users/sanjaysenthil/Desktop/319K/MSPM0_ValvanoWare/ECE319K_Lab9H/Debug/./</path>
         <kind>object</kind>
         <file>Lab9HMain.o</file>
         <name>Lab9HMain.o</name>
      </input_file>
      <input_file id="fl-7">
         <path>/Users/sanjaysenthil/Desktop/319K/MSPM0_ValvanoWare/ECE319K_Lab9H/Debug/./</path>
         <kind>object</kind>
         <file>LaunchPad.o</file>
         <name>LaunchPad.o</name>
      </input_file>
      <input_file id="fl-8">
         <path>/Users/sanjaysenthil/Desktop/319K/MSPM0_ValvanoWare/ECE319K_Lab9H/Debug/./</path>
         <kind>object</kind>
         <file>Rocket.o</file>
         <name>Rocket.o</name>
      </input_file>
      <input_file id="fl-9">
         <path>/Users/sanjaysenthil/Desktop/319K/MSPM0_ValvanoWare/ECE319K_Lab9H/Debug/./</path>
         <kind>object</kind>
         <file>SPI.o</file>
         <name>SPI.o</name>
      </input_file>
      <input_file id="fl-a">
         <path>/Users/sanjaysenthil/Desktop/319K/MSPM0_ValvanoWare/ECE319K_Lab9H/Debug/./</path>
         <kind>object</kind>
         <file>ST7735.o</file>
         <name>ST7735.o</name>
      </input_file>
      <input_file id="fl-b">
         <path>/Users/sanjaysenthil/Desktop/319K/MSPM0_ValvanoWare/ECE319K_Lab9H/Debug/./</path>
         <kind>object</kind>
         <file>SlidePot.o</file>
         <name>SlidePot.o</name>
      </input_file>
      <input_file id="fl-c">
         <path>/Users/sanjaysenthil/Desktop/319K/MSPM0_ValvanoWare/ECE319K_Lab9H/Debug/./</path>
         <kind>object</kind>
         <file>SmallFont.o</file>
         <name>SmallFont.o</name>
      </input_file>
      <input_file id="fl-d">
         <path>/Users/sanjaysenthil/Desktop/319K/MSPM0_ValvanoWare/ECE319K_Lab9H/Debug/./</path>
         <kind>object</kind>
         <file>Sound.o</file>
         <name>Sound.o</name>
      </input_file>
      <input_file id="fl-e">
         <path>/Users/sanjaysenthil/Desktop/319K/MSPM0_ValvanoWare/ECE319K_Lab9H/Debug/./</path>
         <kind>object</kind>
         <file>Switch.o</file>
         <name>Switch.o</name>
      </input_file>
      <input_file id="fl-f">
         <path>/Users/sanjaysenthil/Desktop/319K/MSPM0_ValvanoWare/ECE319K_Lab9H/Debug/./</path>
         <kind>object</kind>
         <file>TExaS.o</file>
         <name>TExaS.o</name>
      </input_file>
      <input_file id="fl-10">
         <path>/Users/sanjaysenthil/Desktop/319K/MSPM0_ValvanoWare/ECE319K_Lab9H/Debug/./</path>
         <kind>object</kind>
         <file>Timer.o</file>
         <name>Timer.o</name>
      </input_file>
      <input_file id="fl-11">
         <path>/Users/sanjaysenthil/Desktop/319K/MSPM0_ValvanoWare/ECE319K_Lab9H/Debug/./</path>
         <kind>object</kind>
         <file>images.o</file>
         <name>images.o</name>
      </input_file>
      <input_file id="fl-12">
         <path>/Users/sanjaysenthil/Desktop/319K/MSPM0_ValvanoWare/ECE319K_Lab9H/Debug/./images/pipedreams/</path>
         <kind>object</kind>
         <file>PipeSound.o</file>
         <name>PipeSound.o</name>
      </input_file>
      <input_file id="fl-13">
         <path>/Users/sanjaysenthil/Desktop/319K/MSPM0_ValvanoWare/ECE319K_Lab9H/Debug/./ticlang/</path>
         <kind>object</kind>
         <file>startup_mspm0g3507_ticlang.o</file>
         <name>startup_mspm0g3507_ticlang.o</name>
      </input_file>
      <input_file id="fl-1f">
         <path>/Users/sanjaysenthil/Desktop/319K/MSPM0_ValvanoWare/ECE319K_Lab9H/Debug/</path>
         <kind>object</kind>
         <file>&lt;internal&gt;</file>
         <name>&lt;internal&gt;</name>
      </input_file>
      <input_file id="fl-34">
         <path>/Applications/ti/ccs2000/ccs/tools/compiler/ti-cgt-armllvm_4.0.1.LTS/lib/armv6m-ti-none-eabi/c/</path>
         <kind>archive</kind>
         <file>libc.a</file>
         <name>fopen.c.obj</name>
      </input_file>
      <input_file id="fl-35">
         <path>/Applications/ti/ccs2000/ccs/tools/compiler/ti-cgt-armllvm_4.0.1.LTS/lib/armv6m-ti-none-eabi/c/</path>
         <kind>archive</kind>
         <file>libc.a</file>
         <name>setvbuf.c.obj</name>
      </input_file>
      <input_file id="fl-36">
         <path>/Applications/ti/ccs2000/ccs/tools/compiler/ti-cgt-armllvm_4.0.1.LTS/lib/armv6m-ti-none-eabi/c/</path>
         <kind>archive</kind>
         <file>libc.a</file>
         <name>aeabi_portable.c.obj</name>
      </input_file>
      <input_file id="fl-37">
         <path>/Applications/ti/ccs2000/ccs/tools/compiler/ti-cgt-armllvm_4.0.1.LTS/lib/armv6m-ti-none-eabi/c/</path>
         <kind>archive</kind>
         <file>libc.a</file>
         <name>exit.c.obj</name>
      </input_file>
      <input_file id="fl-38">
         <path>/Applications/ti/ccs2000/ccs/tools/compiler/ti-cgt-armllvm_4.0.1.LTS/lib/armv6m-ti-none-eabi/c/</path>
         <kind>archive</kind>
         <file>libc.a</file>
         <name>_lock.c.obj</name>
      </input_file>
      <input_file id="fl-39">
         <path>/Applications/ti/ccs2000/ccs/tools/compiler/ti-cgt-armllvm_4.0.1.LTS/lib/armv6m-ti-none-eabi/c/</path>
         <kind>archive</kind>
         <file>libc.a</file>
         <name>assert.c.obj</name>
      </input_file>
      <input_file id="fl-3a">
         <path>/Applications/ti/ccs2000/ccs/tools/compiler/ti-cgt-armllvm_4.0.1.LTS/lib/armv6m-ti-none-eabi/c/</path>
         <kind>archive</kind>
         <file>libc.a</file>
         <name>defs.c.obj</name>
      </input_file>
      <input_file id="fl-3b">
         <path>/Applications/ti/ccs2000/ccs/tools/compiler/ti-cgt-armllvm_4.0.1.LTS/lib/armv6m-ti-none-eabi/c/</path>
         <kind>archive</kind>
         <file>libc.a</file>
         <name>memory.c.obj</name>
      </input_file>
      <input_file id="fl-3c">
         <path>/Applications/ti/ccs2000/ccs/tools/compiler/ti-cgt-armllvm_4.0.1.LTS/lib/armv6m-ti-none-eabi/c/</path>
         <kind>archive</kind>
         <file>libc.a</file>
         <name>copy_zero_init.c.obj</name>
      </input_file>
      <input_file id="fl-3d">
         <path>/Applications/ti/ccs2000/ccs/tools/compiler/ti-cgt-armllvm_4.0.1.LTS/lib/armv6m-ti-none-eabi/c/</path>
         <kind>archive</kind>
         <file>libc.a</file>
         <name>copy_decompress_none.c.obj</name>
      </input_file>
      <input_file id="fl-3e">
         <path>/Applications/ti/ccs2000/ccs/tools/compiler/ti-cgt-armllvm_4.0.1.LTS/lib/armv6m-ti-none-eabi/c/</path>
         <kind>archive</kind>
         <file>libc.a</file>
         <name>copy_decompress_lzss.c.obj</name>
      </input_file>
      <input_file id="fl-3f">
         <path>/Applications/ti/ccs2000/ccs/tools/compiler/ti-cgt-armllvm_4.0.1.LTS/lib/armv6m-ti-none-eabi/c/</path>
         <kind>archive</kind>
         <file>libc.a</file>
         <name>boot_cortex_m.c.obj</name>
      </input_file>
      <input_file id="fl-40">
         <path>/Applications/ti/ccs2000/ccs/tools/compiler/ti-cgt-armllvm_4.0.1.LTS/lib/armv6m-ti-none-eabi/c/</path>
         <kind>archive</kind>
         <file>libc.a</file>
         <name>mathacl_init.c.obj</name>
      </input_file>
      <input_file id="fl-41">
         <path>/Applications/ti/ccs2000/ccs/tools/compiler/ti-cgt-armllvm_4.0.1.LTS/lib/armv6m-ti-none-eabi/c/</path>
         <kind>archive</kind>
         <file>libc.a</file>
         <name>sprintf.c.obj</name>
      </input_file>
      <input_file id="fl-42">
         <path>/Applications/ti/ccs2000/ccs/tools/compiler/ti-cgt-armllvm_4.0.1.LTS/lib/armv6m-ti-none-eabi/c/</path>
         <kind>archive</kind>
         <file>libc.a</file>
         <name>fclose.c.obj</name>
      </input_file>
      <input_file id="fl-43">
         <path>/Applications/ti/ccs2000/ccs/tools/compiler/ti-cgt-armllvm_4.0.1.LTS/lib/armv6m-ti-none-eabi/c/</path>
         <kind>archive</kind>
         <file>libc.a</file>
         <name>fflush.c.obj</name>
      </input_file>
      <input_file id="fl-44">
         <path>/Applications/ti/ccs2000/ccs/tools/compiler/ti-cgt-armllvm_4.0.1.LTS/lib/armv6m-ti-none-eabi/c/</path>
         <kind>archive</kind>
         <file>libc.a</file>
         <name>fputs.c.obj</name>
      </input_file>
      <input_file id="fl-45">
         <path>/Applications/ti/ccs2000/ccs/tools/compiler/ti-cgt-armllvm_4.0.1.LTS/lib/armv6m-ti-none-eabi/c/</path>
         <kind>archive</kind>
         <file>libc.a</file>
         <name>_io_perm.c.obj</name>
      </input_file>
      <input_file id="fl-46">
         <path>/Applications/ti/ccs2000/ccs/tools/compiler/ti-cgt-armllvm_4.0.1.LTS/lib/armv6m-ti-none-eabi/c/</path>
         <kind>archive</kind>
         <file>libc.a</file>
         <name>args_main.c.obj</name>
      </input_file>
      <input_file id="fl-47">
         <path>/Applications/ti/ccs2000/ccs/tools/compiler/ti-cgt-armllvm_4.0.1.LTS/lib/armv6m-ti-none-eabi/c/</path>
         <kind>archive</kind>
         <file>libc.a</file>
         <name>autoinit.c.obj</name>
      </input_file>
      <input_file id="fl-48">
         <path>/Applications/ti/ccs2000/ccs/tools/compiler/ti-cgt-armllvm_4.0.1.LTS/lib/armv6m-ti-none-eabi/c/</path>
         <kind>archive</kind>
         <file>libc.a</file>
         <name>pre_init.c.obj</name>
      </input_file>
      <input_file id="fl-49">
         <path>/Applications/ti/ccs2000/ccs/tools/compiler/ti-cgt-armllvm_4.0.1.LTS/lib/armv6m-ti-none-eabi/c/</path>
         <kind>archive</kind>
         <file>libc.a</file>
         <name>cpy_tbl.c.obj</name>
      </input_file>
      <input_file id="fl-4a">
         <path>/Applications/ti/ccs2000/ccs/tools/compiler/ti-cgt-armllvm_4.0.1.LTS/lib/armv6m-ti-none-eabi/c/</path>
         <kind>archive</kind>
         <file>libc.a</file>
         <name>_printfi.c.obj</name>
      </input_file>
      <input_file id="fl-4b">
         <path>/Applications/ti/ccs2000/ccs/tools/compiler/ti-cgt-armllvm_4.0.1.LTS/lib/armv6m-ti-none-eabi/c/</path>
         <kind>archive</kind>
         <file>libc.a</file>
         <name>fseek.c.obj</name>
      </input_file>
      <input_file id="fl-4c">
         <path>/Applications/ti/ccs2000/ccs/tools/compiler/ti-cgt-armllvm_4.0.1.LTS/lib/armv6m-ti-none-eabi/c/</path>
         <kind>archive</kind>
         <file>libc.a</file>
         <name>s_frexp.c.obj</name>
      </input_file>
      <input_file id="fl-4d">
         <path>/Applications/ti/ccs2000/ccs/tools/compiler/ti-cgt-armllvm_4.0.1.LTS/lib/armv6m-ti-none-eabi/c/</path>
         <kind>archive</kind>
         <file>libc.a</file>
         <name>s_scalbn.c.obj</name>
      </input_file>
      <input_file id="fl-4e">
         <path>/Applications/ti/ccs2000/ccs/tools/compiler/ti-cgt-armllvm_4.0.1.LTS/lib/armv6m-ti-none-eabi/c/</path>
         <kind>archive</kind>
         <file>libc.a</file>
         <name>_ltoa.c.obj</name>
      </input_file>
      <input_file id="fl-4f">
         <path>/Applications/ti/ccs2000/ccs/tools/compiler/ti-cgt-armllvm_4.0.1.LTS/lib/armv6m-ti-none-eabi/c/</path>
         <kind>archive</kind>
         <file>libc.a</file>
         <name>atoi.c.obj</name>
      </input_file>
      <input_file id="fl-50">
         <path>/Applications/ti/ccs2000/ccs/tools/compiler/ti-cgt-armllvm_4.0.1.LTS/lib/armv6m-ti-none-eabi/c/</path>
         <kind>archive</kind>
         <file>libc.a</file>
         <name>memccpy.c.obj</name>
      </input_file>
      <input_file id="fl-51">
         <path>/Applications/ti/ccs2000/ccs/tools/compiler/ti-cgt-armllvm_4.0.1.LTS/lib/armv6m-ti-none-eabi/c/</path>
         <kind>archive</kind>
         <file>libc.a</file>
         <name>wcslen.c.obj</name>
      </input_file>
      <input_file id="fl-52">
         <path>/Applications/ti/ccs2000/ccs/tools/compiler/ti-cgt-armllvm_4.0.1.LTS/lib/armv6m-ti-none-eabi/c/</path>
         <kind>archive</kind>
         <file>libc.a</file>
         <name>aeabi_ctype.S.obj</name>
      </input_file>
      <input_file id="fl-e8">
         <path>/Applications/ti/ccs2000/ccs/tools/compiler/ti-cgt-armllvm_4.0.1.LTS/lib/armv6m-ti-none-eabi/</path>
         <kind>archive</kind>
         <file>libc++abi.a</file>
         <name>stdlib_new_delete.cpp.obj</name>
      </input_file>
      <input_file id="fl-e9">
         <path>/Applications/ti/ccs2000/ccs/tools/compiler/ti-cgt-armllvm_4.0.1.LTS/lib/armv6m-ti-none-eabi/</path>
         <kind>archive</kind>
         <file>libc++abi.a</file>
         <name>cxa_handlers.cpp.obj</name>
      </input_file>
      <input_file id="fl-ea">
         <path>/Applications/ti/ccs2000/ccs/tools/compiler/ti-cgt-armllvm_4.0.1.LTS/lib/armv6m-ti-none-eabi/</path>
         <kind>archive</kind>
         <file>libc++abi.a</file>
         <name>abort_message.cpp.obj</name>
      </input_file>
      <input_file id="fl-eb">
         <path>/Applications/ti/ccs2000/ccs/tools/compiler/ti-cgt-armllvm_4.0.1.LTS/lib/armv6m-ti-none-eabi/</path>
         <kind>archive</kind>
         <file>libc++abi.a</file>
         <name>cxa_default_handlers.cpp.obj</name>
      </input_file>
      <input_file id="fl-ec">
         <path>/Applications/ti/ccs2000/ccs/tools/compiler/ti-cgt-armllvm_4.0.1.LTS/lib/armv6m-ti-none-eabi/c/</path>
         <kind>archive</kind>
         <file>libsysbm.a</file>
         <name>write.c.obj</name>
      </input_file>
      <input_file id="fl-ed">
         <path>/Applications/ti/ccs2000/ccs/tools/compiler/ti-cgt-armllvm_4.0.1.LTS/lib/armv6m-ti-none-eabi/c/</path>
         <kind>archive</kind>
         <file>libsysbm.a</file>
         <name>host_device.c.obj</name>
      </input_file>
      <input_file id="fl-ee">
         <path>/Applications/ti/ccs2000/ccs/tools/compiler/ti-cgt-armllvm_4.0.1.LTS/lib/armv6m-ti-none-eabi/c/</path>
         <kind>archive</kind>
         <file>libsysbm.a</file>
         <name>remove.c.obj</name>
      </input_file>
      <input_file id="fl-ef">
         <path>/Applications/ti/ccs2000/ccs/tools/compiler/ti-cgt-armllvm_4.0.1.LTS/lib/armv6m-ti-none-eabi/c/</path>
         <kind>archive</kind>
         <file>libsysbm.a</file>
         <name>open.c.obj</name>
      </input_file>
      <input_file id="fl-f0">
         <path>/Applications/ti/ccs2000/ccs/tools/compiler/ti-cgt-armllvm_4.0.1.LTS/lib/armv6m-ti-none-eabi/c/</path>
         <kind>archive</kind>
         <file>libsysbm.a</file>
         <name>lseek.c.obj</name>
      </input_file>
      <input_file id="fl-f1">
         <path>/Applications/ti/ccs2000/ccs/tools/compiler/ti-cgt-armllvm_4.0.1.LTS/lib/armv6m-ti-none-eabi/c/</path>
         <kind>archive</kind>
         <file>libsysbm.a</file>
         <name>close.c.obj</name>
      </input_file>
      <input_file id="fl-f2">
         <path>/Applications/ti/ccs2000/ccs/tools/compiler/ti-cgt-armllvm_4.0.1.LTS/lib/armv6m-ti-none-eabi/c/</path>
         <kind>archive</kind>
         <file>libsysbm.a</file>
         <name>add_device.c.obj</name>
      </input_file>
      <input_file id="fl-f3">
         <path>/Applications/ti/ccs2000/ccs/tools/compiler/ti-cgt-armllvm_4.0.1.LTS/lib/armv6m-ti-none-eabi/c/</path>
         <kind>archive</kind>
         <file>libsysbm.a</file>
         <name>unlink.c.obj</name>
      </input_file>
      <input_file id="fl-f4">
         <path>/Applications/ti/ccs2000/ccs/tools/compiler/ti-cgt-armllvm_4.0.1.LTS/lib/armv6m-ti-none-eabi/c/</path>
         <kind>archive</kind>
         <file>libsysbm.a</file>
         <name>hostclose.c.obj</name>
      </input_file>
      <input_file id="fl-f5">
         <path>/Applications/ti/ccs2000/ccs/tools/compiler/ti-cgt-armllvm_4.0.1.LTS/lib/armv6m-ti-none-eabi/c/</path>
         <kind>archive</kind>
         <file>libsysbm.a</file>
         <name>hostlseek.c.obj</name>
      </input_file>
      <input_file id="fl-f6">
         <path>/Applications/ti/ccs2000/ccs/tools/compiler/ti-cgt-armllvm_4.0.1.LTS/lib/armv6m-ti-none-eabi/c/</path>
         <kind>archive</kind>
         <file>libsysbm.a</file>
         <name>hostopen.c.obj</name>
      </input_file>
      <input_file id="fl-f7">
         <path>/Applications/ti/ccs2000/ccs/tools/compiler/ti-cgt-armllvm_4.0.1.LTS/lib/armv6m-ti-none-eabi/c/</path>
         <kind>archive</kind>
         <file>libsysbm.a</file>
         <name>hostread.c.obj</name>
      </input_file>
      <input_file id="fl-f8">
         <path>/Applications/ti/ccs2000/ccs/tools/compiler/ti-cgt-armllvm_4.0.1.LTS/lib/armv6m-ti-none-eabi/c/</path>
         <kind>archive</kind>
         <file>libsysbm.a</file>
         <name>hostrename.c.obj</name>
      </input_file>
      <input_file id="fl-f9">
         <path>/Applications/ti/ccs2000/ccs/tools/compiler/ti-cgt-armllvm_4.0.1.LTS/lib/armv6m-ti-none-eabi/c/</path>
         <kind>archive</kind>
         <file>libsysbm.a</file>
         <name>hostunlink.c.obj</name>
      </input_file>
      <input_file id="fl-fa">
         <path>/Applications/ti/ccs2000/ccs/tools/compiler/ti-cgt-armllvm_4.0.1.LTS/lib/armv6m-ti-none-eabi/c/</path>
         <kind>archive</kind>
         <file>libsysbm.a</file>
         <name>hostwrite.c.obj</name>
      </input_file>
      <input_file id="fl-fb">
         <path>/Applications/ti/ccs2000/ccs/tools/compiler/ti-cgt-armllvm_4.0.1.LTS/lib/armv6m-ti-none-eabi/c/</path>
         <kind>archive</kind>
         <file>libsysbm.a</file>
         <name>trgmsg.c.obj</name>
      </input_file>
      <input_file id="fl-fc">
         <path>/Applications/ti/ccs2000/ccs/tools/compiler/ti-cgt-armllvm_4.0.1.LTS/lib/armv6m-ti-none-eabi/</path>
         <kind>archive</kind>
         <file>libclang_rt.builtins.a</file>
         <name>adddf3.S.obj</name>
      </input_file>
      <input_file id="fl-fd">
         <path>/Applications/ti/ccs2000/ccs/tools/compiler/ti-cgt-armllvm_4.0.1.LTS/lib/armv6m-ti-none-eabi/</path>
         <kind>archive</kind>
         <file>libclang_rt.builtins.a</file>
         <name>muldf3.S.obj</name>
      </input_file>
      <input_file id="fl-fe">
         <path>/Applications/ti/ccs2000/ccs/tools/compiler/ti-cgt-armllvm_4.0.1.LTS/lib/armv6m-ti-none-eabi/</path>
         <kind>archive</kind>
         <file>libclang_rt.builtins.a</file>
         <name>muldsi3.S.obj</name>
      </input_file>
      <input_file id="fl-ff">
         <path>/Applications/ti/ccs2000/ccs/tools/compiler/ti-cgt-armllvm_4.0.1.LTS/lib/armv6m-ti-none-eabi/</path>
         <kind>archive</kind>
         <file>libclang_rt.builtins.a</file>
         <name>divdf3.S.obj</name>
      </input_file>
      <input_file id="fl-100">
         <path>/Applications/ti/ccs2000/ccs/tools/compiler/ti-cgt-armllvm_4.0.1.LTS/lib/armv6m-ti-none-eabi/</path>
         <kind>archive</kind>
         <file>libclang_rt.builtins.a</file>
         <name>fixdfsi.S.obj</name>
      </input_file>
      <input_file id="fl-101">
         <path>/Applications/ti/ccs2000/ccs/tools/compiler/ti-cgt-armllvm_4.0.1.LTS/lib/armv6m-ti-none-eabi/</path>
         <kind>archive</kind>
         <file>libclang_rt.builtins.a</file>
         <name>floatsidf.S.obj</name>
      </input_file>
      <input_file id="fl-102">
         <path>/Applications/ti/ccs2000/ccs/tools/compiler/ti-cgt-armllvm_4.0.1.LTS/lib/armv6m-ti-none-eabi/</path>
         <kind>archive</kind>
         <file>libclang_rt.builtins.a</file>
         <name>floatunsidf.S.obj</name>
      </input_file>
      <input_file id="fl-103">
         <path>/Applications/ti/ccs2000/ccs/tools/compiler/ti-cgt-armllvm_4.0.1.LTS/lib/armv6m-ti-none-eabi/</path>
         <kind>archive</kind>
         <file>libclang_rt.builtins.a</file>
         <name>muldi3.S.obj</name>
      </input_file>
      <input_file id="fl-104">
         <path>/Applications/ti/ccs2000/ccs/tools/compiler/ti-cgt-armllvm_4.0.1.LTS/lib/armv6m-ti-none-eabi/</path>
         <kind>archive</kind>
         <file>libclang_rt.builtins.a</file>
         <name>truncdfsf2.S.obj</name>
      </input_file>
      <input_file id="fl-105">
         <path>/Applications/ti/ccs2000/ccs/tools/compiler/ti-cgt-armllvm_4.0.1.LTS/lib/armv6m-ti-none-eabi/</path>
         <kind>archive</kind>
         <file>libclang_rt.builtins.a</file>
         <name>aeabi_dcmp.S.obj</name>
      </input_file>
      <input_file id="fl-106">
         <path>/Applications/ti/ccs2000/ccs/tools/compiler/ti-cgt-armllvm_4.0.1.LTS/lib/armv6m-ti-none-eabi/</path>
         <kind>archive</kind>
         <file>libclang_rt.builtins.a</file>
         <name>aeabi_idivmod.S.obj</name>
      </input_file>
      <input_file id="fl-107">
         <path>/Applications/ti/ccs2000/ccs/tools/compiler/ti-cgt-armllvm_4.0.1.LTS/lib/armv6m-ti-none-eabi/</path>
         <kind>archive</kind>
         <file>libclang_rt.builtins.a</file>
         <name>aeabi_memcpy.S.obj</name>
      </input_file>
      <input_file id="fl-108">
         <path>/Applications/ti/ccs2000/ccs/tools/compiler/ti-cgt-armllvm_4.0.1.LTS/lib/armv6m-ti-none-eabi/</path>
         <kind>archive</kind>
         <file>libclang_rt.builtins.a</file>
         <name>aeabi_memset.S.obj</name>
      </input_file>
      <input_file id="fl-109">
         <path>/Applications/ti/ccs2000/ccs/tools/compiler/ti-cgt-armllvm_4.0.1.LTS/lib/armv6m-ti-none-eabi/</path>
         <kind>archive</kind>
         <file>libclang_rt.builtins.a</file>
         <name>aeabi_uidivmod.S.obj</name>
      </input_file>
      <input_file id="fl-10a">
         <path>/Applications/ti/ccs2000/ccs/tools/compiler/ti-cgt-armllvm_4.0.1.LTS/lib/armv6m-ti-none-eabi/</path>
         <kind>archive</kind>
         <file>libclang_rt.builtins.a</file>
         <name>aeabi_uldivmod.S.obj</name>
      </input_file>
      <input_file id="fl-10b">
         <path>/Applications/ti/ccs2000/ccs/tools/compiler/ti-cgt-armllvm_4.0.1.LTS/lib/armv6m-ti-none-eabi/</path>
         <kind>archive</kind>
         <file>libclang_rt.builtins.a</file>
         <name>udivmoddi4.S.obj</name>
      </input_file>
      <input_file id="fl-10c">
         <path>/Applications/ti/ccs2000/ccs/tools/compiler/ti-cgt-armllvm_4.0.1.LTS/lib/armv6m-ti-none-eabi/</path>
         <kind>archive</kind>
         <file>libclang_rt.builtins.a</file>
         <name>ashldi3.S.obj</name>
      </input_file>
      <input_file id="fl-10d">
         <path>/Applications/ti/ccs2000/ccs/tools/compiler/ti-cgt-armllvm_4.0.1.LTS/lib/armv6m-ti-none-eabi/</path>
         <kind>archive</kind>
         <file>libclang_rt.builtins.a</file>
         <name>comparedf2.c.obj</name>
      </input_file>
      <input_file id="fl-10e">
         <path>/Applications/ti/ccs2000/ccs/tools/compiler/ti-cgt-armllvm_4.0.1.LTS/lib/armv6m-ti-none-eabi/</path>
         <kind>archive</kind>
         <file>libclang_rt.builtins.a</file>
         <name>aeabi_div0.c.obj</name>
      </input_file>
      <input_file id="fl-10f">
         <path>/Applications/ti/ccs2000/ccs/tools/compiler/ti-cgt-armllvm_4.0.1.LTS/lib/armv6m-ti-none-eabi/c/</path>
         <kind>archive</kind>
         <file>libc.a</file>
         <name>getdevice.c.obj</name>
      </input_file>
      <input_file id="fl-110">
         <path>/Applications/ti/ccs2000/ccs/tools/compiler/ti-cgt-armllvm_4.0.1.LTS/lib/armv6m-ti-none-eabi/c/</path>
         <kind>archive</kind>
         <file>libc.a</file>
         <name>memcpy16.S.obj</name>
      </input_file>
      <input_file id="fl-111">
         <path>/Applications/ti/ccs2000/ccs/tools/compiler/ti-cgt-armllvm_4.0.1.LTS/lib/armv6m-ti-none-eabi/c/</path>
         <kind>archive</kind>
         <file>libc.a</file>
         <name>memset16.S.obj</name>
      </input_file>
      <input_file id="fl-112">
         <path>/Applications/ti/ccs2000/ccs/tools/compiler/ti-cgt-armllvm_4.0.1.LTS/lib/armv6m-ti-none-eabi/c/</path>
         <kind>archive</kind>
         <file>libc.a</file>
         <name>strcmp-armv6m.S.obj</name>
      </input_file>
   </input_file_list>
   <object_component_list>
      <object_component id="oc-18">
         <name>.intvecs</name>
         <load_address>0x0</load_address>
         <readonly>true</readonly>
         <run_address>0x0</run_address>
         <size>0xc0</size>
         <alignment>0x4</alignment>
         <input_file_ref idref="fl-13"/>
      </object_component>
      <object_component id="oc-ea">
         <name>.text._Z17ST7735_DrawBitmapssPKtss</name>
         <load_address>0xa7a0</load_address>
         <readonly>true</readonly>
         <executable>true</executable>
         <run_address>0xa7a0</run_address>
         <size>0x210</size>
         <alignment>0x4</alignment>
         <input_file_ref idref="fl-a"/>
      </object_component>
      <object_component id="oc-136">
         <name>.text._Z15Clock_Init80MHzi</name>
         <load_address>0xa9b0</load_address>
         <readonly>true</readonly>
         <executable>true</executable>
         <run_address>0xa9b0</run_address>
         <size>0x1b4</size>
         <alignment>0x4</alignment>
         <input_file_ref idref="fl-3"/>
      </object_component>
      <object_component id="oc-20b">
         <name>.text._Z16ST7735_DrawCharSsscssh</name>
         <load_address>0xab64</load_address>
         <readonly>true</readonly>
         <executable>true</executable>
         <run_address>0xab64</run_address>
         <size>0x1a0</size>
         <alignment>0x4</alignment>
         <input_file_ref idref="fl-a"/>
      </object_component>
      <object_component id="oc-ee">
         <name>.text._ZN6bullet4drawEv</name>
         <load_address>0xad04</load_address>
         <readonly>true</readonly>
         <executable>true</executable>
         <run_address>0xad04</run_address>
         <size>0x154</size>
         <alignment>0x4</alignment>
         <input_file_ref idref="fl-2"/>
      </object_component>
      <object_component id="oc-1a0">
         <name>.text._openfile</name>
         <load_address>0xae58</load_address>
         <readonly>true</readonly>
         <executable>true</executable>
         <run_address>0xae58</run_address>
         <size>0x154</size>
         <alignment>0x4</alignment>
         <input_file_ref idref="fl-34"/>
      </object_component>
      <object_component id="oc-75">
         <name>.text._ZN6rocket6rotateEv</name>
         <load_address>0xafac</load_address>
         <readonly>true</readonly>
         <executable>true</executable>
         <run_address>0xafac</run_address>
         <size>0x134</size>
         <alignment>0x4</alignment>
         <input_file_ref idref="fl-8"/>
      </object_component>
      <object_component id="oc-15e">
         <name>.text._Z8ADC_InitP10ADC12_Regsjj</name>
         <load_address>0xb0e0</load_address>
         <readonly>true</readonly>
         <executable>true</executable>
         <run_address>0xb0e0</run_address>
         <size>0x128</size>
         <alignment>0x4</alignment>
         <input_file_ref idref="fl-f"/>
      </object_component>
      <object_component id="oc-99">
         <name>.text.main</name>
         <load_address>0xb208</load_address>
         <readonly>true</readonly>
         <executable>true</executable>
         <run_address>0xb208</run_address>
         <size>0x11c</size>
         <alignment>0x4</alignment>
         <input_file_ref idref="fl-6"/>
      </object_component>
      <object_component id="oc-157">
         <name>.text._Z15ST7735_FillRectsssst</name>
         <load_address>0xb324</load_address>
         <readonly>true</readonly>
         <executable>true</executable>
         <run_address>0xb324</run_address>
         <size>0x118</size>
         <alignment>0x4</alignment>
         <input_file_ref idref="fl-a"/>
      </object_component>
      <object_component id="oc-185">
         <name>.text.aligned_alloc</name>
         <load_address>0xb43c</load_address>
         <readonly>true</readonly>
         <executable>true</executable>
         <run_address>0xb43c</run_address>
         <size>0x114</size>
         <alignment>0x4</alignment>
         <input_file_ref idref="fl-3b"/>
      </object_component>
      <object_component id="oc-1ca">
         <name>.text._Z8SPI_Initv</name>
         <load_address>0xb550</load_address>
         <readonly>true</readonly>
         <executable>true</executable>
         <run_address>0xb550</run_address>
         <size>0xf8</size>
         <alignment>0x4</alignment>
         <input_file_ref idref="fl-9"/>
      </object_component>
      <object_component id="oc-ed">
         <name>.text._ZN6rocket4drawEv</name>
         <load_address>0xb648</load_address>
         <readonly>true</readonly>
         <executable>true</executable>
         <run_address>0xb648</run_address>
         <size>0xf8</size>
         <alignment>0x4</alignment>
         <input_file_ref idref="fl-8"/>
      </object_component>
      <object_component id="oc-13b">
         <name>.text.add_device</name>
         <load_address>0xb740</load_address>
         <readonly>true</readonly>
         <executable>true</executable>
         <run_address>0xb740</run_address>
         <size>0xec</size>
         <alignment>0x4</alignment>
         <input_file_ref idref="fl-f2"/>
      </object_component>
      <object_component id="oc-160">
         <name>.text._Z9UART_Initv</name>
         <load_address>0xb82c</load_address>
         <readonly>true</readonly>
         <executable>true</executable>
         <run_address>0xb82c</run_address>
         <size>0xe8</size>
         <alignment>0x4</alignment>
         <input_file_ref idref="fl-f"/>
      </object_component>
      <object_component id="oc-16b">
         <name>.text.free</name>
         <load_address>0xb914</load_address>
         <readonly>true</readonly>
         <executable>true</executable>
         <run_address>0xb914</run_address>
         <size>0xe8</size>
         <alignment>0x4</alignment>
         <input_file_ref idref="fl-3b"/>
      </object_component>
      <object_component id="oc-42">
         <name>.text.TIMG12_IRQHandler</name>
         <load_address>0xb9fc</load_address>
         <readonly>true</readonly>
         <executable>true</executable>
         <run_address>0xb9fc</run_address>
         <size>0xe0</size>
         <alignment>0x4</alignment>
         <input_file_ref idref="fl-6"/>
      </object_component>
      <object_component id="oc-146">
         <name>.text.setvbuf</name>
         <load_address>0xbadc</load_address>
         <readonly>true</readonly>
         <executable>true</executable>
         <run_address>0xbadc</run_address>
         <size>0xe0</size>
         <alignment>0x4</alignment>
         <input_file_ref idref="fl-35"/>
      </object_component>
      <object_component id="oc-1ad">
         <name>.text._Z14ST7735_OutCharc</name>
         <load_address>0xbbbc</load_address>
         <readonly>true</readonly>
         <executable>true</executable>
         <run_address>0xbbbc</run_address>
         <size>0xd0</size>
         <alignment>0x4</alignment>
         <input_file_ref idref="fl-a"/>
      </object_component>
      <object_component id="oc-162">
         <name>.text._Z14TimerG7_IntArmtjj</name>
         <load_address>0xbc8c</load_address>
         <readonly>true</readonly>
         <executable>true</executable>
         <run_address>0xbc8c</run_address>
         <size>0xa8</size>
         <alignment>0x4</alignment>
         <input_file_ref idref="fl-10"/>
      </object_component>
      <object_component id="oc-18b">
         <name>.text._ZL11commandListPKh</name>
         <load_address>0xbd34</load_address>
         <readonly>true</readonly>
         <executable>true</executable>
         <run_address>0xbd34</run_address>
         <size>0xa2</size>
         <alignment>0x2</alignment>
         <input_file_ref idref="fl-a"/>
      </object_component>
      <object_component id="oc-38">
         <name>.text.SysTick_Handler</name>
         <load_address>0xbdd6</load_address>
         <readonly>true</readonly>
         <executable>true</executable>
         <run_address>0xbdd6</run_address>
         <size>0x2</size>
         <alignment>0x2</alignment>
         <input_file_ref idref="fl-d"/>
      </object_component>
      <object_component id="oc-1f5">
         <name>.text.open</name>
         <load_address>0xbdd8</load_address>
         <readonly>true</readonly>
         <executable>true</executable>
         <run_address>0xbdd8</run_address>
         <size>0xa0</size>
         <alignment>0x4</alignment>
         <input_file_ref idref="fl-ef"/>
      </object_component>
      <object_component id="oc-d2">
         <name>.text._Z17ST7735_InitPrintfv</name>
         <load_address>0xbe78</load_address>
         <readonly>true</readonly>
         <executable>true</executable>
         <run_address>0xbe78</run_address>
         <size>0x9c</size>
         <alignment>0x4</alignment>
         <input_file_ref idref="fl-a"/>
      </object_component>
      <object_component id="oc-13a">
         <name>.text._Z12ST7735_InitR10initRFlags</name>
         <load_address>0xbf14</load_address>
         <readonly>true</readonly>
         <executable>true</executable>
         <run_address>0xbf14</run_address>
         <size>0x98</size>
         <alignment>0x4</alignment>
         <input_file_ref idref="fl-a"/>
      </object_component>
      <object_component id="oc-e5">
         <name>.text._Z15TimerG12_IntArmjj</name>
         <load_address>0xbfac</load_address>
         <readonly>true</readonly>
         <executable>true</executable>
         <run_address>0xbfac</run_address>
         <size>0x94</size>
         <alignment>0x4</alignment>
         <input_file_ref idref="fl-10"/>
      </object_component>
      <object_component id="oc-eb">
         <name>.text._ZN6rocketC2Eiii</name>
         <load_address>0xc040</load_address>
         <readonly>true</readonly>
         <executable>true</executable>
         <run_address>0xc040</run_address>
         <size>0x94</size>
         <alignment>0x4</alignment>
         <input_file_ref idref="fl-8"/>
      </object_component>
      <object_component id="oc-81">
         <name>.text._ZN6bulletC2E6rocket</name>
         <load_address>0xc0d4</load_address>
         <readonly>true</readonly>
         <executable>true</executable>
         <run_address>0xc0d4</run_address>
         <size>0x8a</size>
         <alignment>0x2</alignment>
         <input_file_ref idref="fl-2"/>
      </object_component>
      <object_component id="oc-e3">
         <name>.text._Z10Sound_Initv</name>
         <load_address>0xc15e</load_address>
         <readonly>true</readonly>
         <executable>true</executable>
         <run_address>0xc15e</run_address>
         <size>0x2</size>
         <alignment>0x2</alignment>
         <input_file_ref idref="fl-d"/>
      </object_component>
      <object_component id="oc-10c">
         <name>.text._ZL13setAddrWindowhhhh</name>
         <load_address>0xc160</load_address>
         <readonly>true</readonly>
         <executable>true</executable>
         <run_address>0xc160</run_address>
         <size>0x88</size>
         <alignment>0x4</alignment>
         <input_file_ref idref="fl-a"/>
      </object_component>
      <object_component id="oc-69">
         <name>.text._GLOBAL__sub_I_Lab9HMain.cpp</name>
         <load_address>0xc1e8</load_address>
         <readonly>true</readonly>
         <executable>true</executable>
         <run_address>0xc1e8</run_address>
         <size>0x8</size>
         <alignment>0x2</alignment>
         <input_file_ref idref="fl-6"/>
      </object_component>
      <object_component id="oc-1cd">
         <name>.text:strcmp</name>
         <load_address>0xc1f0</load_address>
         <readonly>true</readonly>
         <executable>true</executable>
         <run_address>0xc1f0</run_address>
         <size>0x88</size>
         <alignment>0x10</alignment>
         <input_file_ref idref="fl-112"/>
      </object_component>
      <object_component id="oc-20a">
         <name>.text._Z17ST7735_DrawStringttPcs</name>
         <load_address>0xc278</load_address>
         <readonly>true</readonly>
         <executable>true</executable>
         <run_address>0xc278</run_address>
         <size>0x84</size>
         <alignment>0x2</alignment>
         <input_file_ref idref="fl-a"/>
      </object_component>
      <object_component id="oc-cd">
         <name>.text._Z14LaunchPad_Initv</name>
         <load_address>0xc2fc</load_address>
         <readonly>true</readonly>
         <executable>true</executable>
         <run_address>0xc2fc</run_address>
         <size>0x7c</size>
         <alignment>0x4</alignment>
         <input_file_ref idref="fl-7"/>
      </object_component>
      <object_component id="oc-1a3">
         <name>.text.__TI_closefile</name>
         <load_address>0xc378</load_address>
         <readonly>true</readonly>
         <executable>true</executable>
         <run_address>0xc378</run_address>
         <size>0x7c</size>
         <alignment>0x4</alignment>
         <input_file_ref idref="fl-42"/>
      </object_component>
      <object_component id="oc-1c">
         <name>.text:decompress:lzss</name>
         <load_address>0xc3f4</load_address>
         <readonly>true</readonly>
         <executable>true</executable>
         <run_address>0xc3f4</run_address>
         <size>0x7c</size>
         <alignment>0x4</alignment>
         <input_file_ref idref="fl-3e"/>
      </object_component>
      <object_component id="oc-a5">
         <name>.text._Z16ST7735_DrawPixelsst</name>
         <load_address>0xc470</load_address>
         <readonly>true</readonly>
         <executable>true</executable>
         <run_address>0xc470</run_address>
         <size>0x70</size>
         <alignment>0x4</alignment>
         <input_file_ref idref="fl-a"/>
      </object_component>
      <object_component id="oc-1e3">
         <name>.text.HOSTlseek</name>
         <load_address>0xc4e0</load_address>
         <readonly>true</readonly>
         <executable>true</executable>
         <run_address>0xc4e0</run_address>
         <size>0x6c</size>
         <alignment>0x4</alignment>
         <input_file_ref idref="fl-f5"/>
      </object_component>
      <object_component id="oc-1eb">
         <name>.text.HOSTrename</name>
         <load_address>0xc54c</load_address>
         <readonly>true</readonly>
         <executable>true</executable>
         <run_address>0xc54c</run_address>
         <size>0x6c</size>
         <alignment>0x4</alignment>
         <input_file_ref idref="fl-f8"/>
      </object_component>
      <object_component id="oc-22d">
         <name>.text.getdevice</name>
         <load_address>0xc5b8</load_address>
         <readonly>true</readonly>
         <executable>true</executable>
         <run_address>0xc5b8</run_address>
         <size>0x6c</size>
         <alignment>0x4</alignment>
         <input_file_ref idref="fl-10f"/>
      </object_component>
      <object_component id="oc-7a">
         <name>.text._ZN6rocket13rotateInverseEv</name>
         <load_address>0xc624</load_address>
         <readonly>true</readonly>
         <executable>true</executable>
         <run_address>0xc624</run_address>
         <size>0x68</size>
         <alignment>0x4</alignment>
         <input_file_ref idref="fl-8"/>
      </object_component>
      <object_component id="oc-1c7">
         <name>.text.split</name>
         <load_address>0xc68c</load_address>
         <readonly>true</readonly>
         <executable>true</executable>
         <run_address>0xc68c</run_address>
         <size>0x64</size>
         <alignment>0x4</alignment>
         <input_file_ref idref="fl-3b"/>
      </object_component>
      <object_component id="oc-1d3">
         <name>.text.HOSTopen</name>
         <load_address>0xc6f0</load_address>
         <readonly>true</readonly>
         <executable>true</executable>
         <run_address>0xc6f0</run_address>
         <size>0x60</size>
         <alignment>0x4</alignment>
         <input_file_ref idref="fl-f6"/>
      </object_component>
      <object_component id="oc-1db">
         <name>.text.HOSTread</name>
         <load_address>0xc750</load_address>
         <readonly>true</readonly>
         <executable>true</executable>
         <run_address>0xc750</run_address>
         <size>0x58</size>
         <alignment>0x4</alignment>
         <input_file_ref idref="fl-f7"/>
      </object_component>
      <object_component id="oc-1df">
         <name>.text.HOSTwrite</name>
         <load_address>0xc7a8</load_address>
         <readonly>true</readonly>
         <executable>true</executable>
         <run_address>0xc7a8</run_address>
         <size>0x58</size>
         <alignment>0x4</alignment>
         <input_file_ref idref="fl-fa"/>
      </object_component>
      <object_component id="oc-e4">
         <name>.text._Z10TExaS_InitP10ADC12_RegsjPFhvE</name>
         <load_address>0xc800</load_address>
         <readonly>true</readonly>
         <executable>true</executable>
         <run_address>0xc800</run_address>
         <size>0x58</size>
         <alignment>0x4</alignment>
         <input_file_ref idref="fl-f"/>
      </object_component>
      <object_component id="oc-ff">
         <name>.text:__TI_auto_init_nobinit</name>
         <load_address>0xc858</load_address>
         <readonly>true</readonly>
         <executable>true</executable>
         <run_address>0xc858</run_address>
         <size>0x54</size>
         <alignment>0x4</alignment>
         <input_file_ref idref="fl-47"/>
      </object_component>
      <object_component id="oc-1f9">
         <name>.text.__TI_doflush</name>
         <load_address>0xc8ac</load_address>
         <readonly>true</readonly>
         <executable>true</executable>
         <run_address>0xc8ac</run_address>
         <size>0x52</size>
         <alignment>0x2</alignment>
         <input_file_ref idref="fl-43"/>
      </object_component>
      <object_component id="oc-17b">
         <name>.text.__aeabi_idiv0</name>
         <load_address>0xc8fe</load_address>
         <readonly>true</readonly>
         <executable>true</executable>
         <run_address>0xc8fe</run_address>
         <size>0x2</size>
         <alignment>0x2</alignment>
         <input_file_ref idref="fl-10e"/>
      </object_component>
      <object_component id="oc-1ff">
         <name>.text.close</name>
         <load_address>0xc900</load_address>
         <readonly>true</readonly>
         <executable>true</executable>
         <run_address>0xc900</run_address>
         <size>0x50</size>
         <alignment>0x4</alignment>
         <input_file_ref idref="fl-f1"/>
      </object_component>
      <object_component id="oc-1d7">
         <name>.text.HOSTclose</name>
         <load_address>0xc950</load_address>
         <readonly>true</readonly>
         <executable>true</executable>
         <run_address>0xc950</run_address>
         <size>0x48</size>
         <alignment>0x4</alignment>
         <input_file_ref idref="fl-f4"/>
      </object_component>
      <object_component id="oc-1e7">
         <name>.text.HOSTunlink</name>
         <load_address>0xc998</load_address>
         <readonly>true</readonly>
         <executable>true</executable>
         <run_address>0xc998</run_address>
         <size>0x48</size>
         <alignment>0x4</alignment>
         <input_file_ref idref="fl-f9"/>
      </object_component>
      <object_component id="oc-178">
         <name>.text._Z14SPI_OutCommandc</name>
         <load_address>0xc9e0</load_address>
         <readonly>true</readonly>
         <executable>true</executable>
         <run_address>0xc9e0</run_address>
         <size>0x48</size>
         <alignment>0x4</alignment>
         <input_file_ref idref="fl-9"/>
      </object_component>
      <object_component id="oc-3d">
         <name>.text.TIMG7_IRQHandler</name>
         <load_address>0xca28</load_address>
         <readonly>true</readonly>
         <executable>true</executable>
         <run_address>0xca28</run_address>
         <size>0x40</size>
         <alignment>0x4</alignment>
         <input_file_ref idref="fl-f"/>
      </object_component>
      <object_component id="oc-20d">
         <name>.text._Z9SPI_Resetv</name>
         <load_address>0xca68</load_address>
         <readonly>true</readonly>
         <executable>true</executable>
         <run_address>0xca68</run_address>
         <size>0x40</size>
         <alignment>0x4</alignment>
         <input_file_ref idref="fl-9"/>
      </object_component>
      <object_component id="oc-112">
         <name>.text.__aeabi_uidivmod</name>
         <load_address>0xcaa8</load_address>
         <readonly>true</readonly>
         <executable>true</executable>
         <run_address>0xcaa8</run_address>
         <size>0x40</size>
         <alignment>0x4</alignment>
         <input_file_ref idref="fl-109"/>
      </object_component>
      <object_component id="oc-19f">
         <name>.text._search_fp</name>
         <load_address>0xcae8</load_address>
         <readonly>true</readonly>
         <executable>true</executable>
         <run_address>0xcae8</run_address>
         <size>0x40</size>
         <alignment>0x4</alignment>
         <input_file_ref idref="fl-34"/>
      </object_component>
      <object_component id="oc-165">
         <name>.text._Z11SPI_OutDatac</name>
         <load_address>0xcb28</load_address>
         <readonly>true</readonly>
         <executable>true</executable>
         <run_address>0xcb28</run_address>
         <size>0x38</size>
         <alignment>0x4</alignment>
         <input_file_ref idref="fl-9"/>
      </object_component>
      <object_component id="oc-d9">
         <name>.text._Z11Switch_Initv</name>
         <load_address>0xcb60</load_address>
         <readonly>true</readonly>
         <executable>true</executable>
         <run_address>0xcb60</run_address>
         <size>0x38</size>
         <alignment>0x4</alignment>
         <input_file_ref idref="fl-e"/>
      </object_component>
      <object_component id="oc-137">
         <name>.text._Z15ActivatePortA_Bv</name>
         <load_address>0xcb98</load_address>
         <readonly>true</readonly>
         <executable>true</executable>
         <run_address>0xcb98</run_address>
         <size>0x38</size>
         <alignment>0x4</alignment>
         <input_file_ref idref="fl-7"/>
      </object_component>
      <object_component id="oc-14d">
         <name>.text._Z12ST7735_writeiPKcj</name>
         <load_address>0xcbd0</load_address>
         <readonly>true</readonly>
         <executable>true</executable>
         <run_address>0xcbd0</run_address>
         <size>0x34</size>
         <alignment>0x2</alignment>
         <input_file_ref idref="fl-a"/>
      </object_component>
      <object_component id="oc-aa">
         <name>.text._Z14Clock_Delay1msj</name>
         <load_address>0xcc04</load_address>
         <readonly>true</readonly>
         <executable>true</executable>
         <run_address>0xcc04</run_address>
         <size>0x34</size>
         <alignment>0x4</alignment>
         <input_file_ref idref="fl-3"/>
      </object_component>
      <object_component id="oc-18c">
         <name>.text._Z16ST7735_SetCursorjj</name>
         <load_address>0xcc38</load_address>
         <readonly>true</readonly>
         <executable>true</executable>
         <run_address>0xcc38</run_address>
         <size>0x34</size>
         <alignment>0x4</alignment>
         <input_file_ref idref="fl-a"/>
      </object_component>
      <object_component id="oc-de">
         <name>.text._Z8LED_Initv</name>
         <load_address>0xcc6c</load_address>
         <readonly>true</readonly>
         <executable>true</executable>
         <run_address>0xcc6c</run_address>
         <size>0x34</size>
         <alignment>0x4</alignment>
         <input_file_ref idref="fl-5"/>
      </object_component>
      <object_component id="oc-1a9">
         <name>.text.__TI_cleanup</name>
         <load_address>0xcca0</load_address>
         <readonly>true</readonly>
         <executable>true</executable>
         <run_address>0xcca0</run_address>
         <size>0x34</size>
         <alignment>0x4</alignment>
         <input_file_ref idref="fl-34"/>
      </object_component>
      <object_component id="oc-215">
         <name>.text.__TI_readmsg</name>
         <load_address>0xccd4</load_address>
         <readonly>true</readonly>
         <executable>true</executable>
         <run_address>0xccd4</run_address>
         <size>0x34</size>
         <alignment>0x4</alignment>
         <input_file_ref idref="fl-fb"/>
      </object_component>
      <object_component id="oc-20f">
         <name>.text.__TI_writemsg</name>
         <load_address>0xcd08</load_address>
         <readonly>true</readonly>
         <executable>true</executable>
         <run_address>0xcd08</run_address>
         <size>0x34</size>
         <alignment>0x4</alignment>
         <input_file_ref idref="fl-fb"/>
      </object_component>
      <object_component id="oc-f7">
         <name>.text.exit</name>
         <load_address>0xcd3c</load_address>
         <readonly>true</readonly>
         <executable>true</executable>
         <run_address>0xcd3c</run_address>
         <size>0x34</size>
         <alignment>0x4</alignment>
         <input_file_ref idref="fl-37"/>
      </object_component>
      <object_component id="oc-193">
         <name>.text.finddevice</name>
         <load_address>0xcd70</load_address>
         <readonly>true</readonly>
         <executable>true</executable>
         <run_address>0xcd70</run_address>
         <size>0x34</size>
         <alignment>0x4</alignment>
         <input_file_ref idref="fl-10f"/>
      </object_component>
      <object_component id="oc-145">
         <name>.text.freopen</name>
         <load_address>0xcda4</load_address>
         <readonly>true</readonly>
         <executable>true</executable>
         <run_address>0xcda4</run_address>
         <size>0x34</size>
         <alignment>0x4</alignment>
         <input_file_ref idref="fl-34"/>
      </object_component>
      <object_component id="oc-16a">
         <name>.text._Z15ST7735_Color565hhh</name>
         <load_address>0xcdd8</load_address>
         <readonly>true</readonly>
         <executable>true</executable>
         <run_address>0xcdd8</run_address>
         <size>0x32</size>
         <alignment>0x2</alignment>
         <input_file_ref idref="fl-a"/>
      </object_component>
      <object_component id="oc-1b6">
         <name>.text._nop</name>
         <load_address>0xce0a</load_address>
         <readonly>true</readonly>
         <executable>true</executable>
         <run_address>0xce0a</run_address>
         <size>0x2</size>
         <alignment>0x2</alignment>
         <input_file_ref idref="fl-38"/>
      </object_component>
      <object_component id="oc-18a">
         <name>.text._ZL10commonInitPKh</name>
         <load_address>0xce0c</load_address>
         <readonly>true</readonly>
         <executable>true</executable>
         <run_address>0xce0c</run_address>
         <size>0x30</size>
         <alignment>0x4</alignment>
         <input_file_ref idref="fl-a"/>
      </object_component>
      <object_component id="oc-13f">
         <name>.text.fopen</name>
         <load_address>0xce3c</load_address>
         <readonly>true</readonly>
         <executable>true</executable>
         <run_address>0xce3c</run_address>
         <size>0x30</size>
         <alignment>0x4</alignment>
         <input_file_ref idref="fl-34"/>
      </object_component>
      <object_component id="oc-d3">
         <name>.text._Z17ST7735_FillScreent</name>
         <load_address>0xce6c</load_address>
         <readonly>true</readonly>
         <executable>true</executable>
         <run_address>0xce6c</run_address>
         <size>0x2c</size>
         <alignment>0x4</alignment>
         <input_file_ref idref="fl-a"/>
      </object_component>
      <object_component id="oc-23c">
         <name>.text.unlink</name>
         <load_address>0xce98</load_address>
         <readonly>true</readonly>
         <executable>true</executable>
         <run_address>0xce98</run_address>
         <size>0x2c</size>
         <alignment>0x4</alignment>
         <input_file_ref idref="fl-f3"/>
      </object_component>
      <object_component id="oc-15f">
         <name>.text._Z9ADC_StartP10ADC12_Regs</name>
         <load_address>0xcec4</load_address>
         <readonly>true</readonly>
         <executable>true</executable>
         <run_address>0xcec4</run_address>
         <size>0x28</size>
         <alignment>0x4</alignment>
         <input_file_ref idref="fl-f"/>
      </object_component>
      <object_component id="oc-1b5">
         <name>.text.free_list_insert</name>
         <load_address>0xceec</load_address>
         <readonly>true</readonly>
         <executable>true</executable>
         <run_address>0xceec</run_address>
         <size>0x28</size>
         <alignment>0x4</alignment>
         <input_file_ref idref="fl-3b"/>
      </object_component>
      <object_component id="oc-233">
         <name>.text.write</name>
         <load_address>0xcf14</load_address>
         <readonly>true</readonly>
         <executable>true</executable>
         <run_address>0xcf14</run_address>
         <size>0x28</size>
         <alignment>0x4</alignment>
         <input_file_ref idref="fl-ec"/>
      </object_component>
      <object_component id="oc-62">
         <name>.text:_c_int00_noargs</name>
         <load_address>0xcf3c</load_address>
         <readonly>true</readonly>
         <executable>true</executable>
         <run_address>0xcf3c</run_address>
         <size>0x28</size>
         <alignment>0x4</alignment>
         <input_file_ref idref="fl-3f"/>
      </object_component>
      <object_component id="oc-b8">
         <name>.text._ZL17operator_new_implj</name>
         <load_address>0xcf64</load_address>
         <readonly>true</readonly>
         <executable>true</executable>
         <run_address>0xcf64</run_address>
         <size>0x26</size>
         <alignment>0x2</alignment>
         <input_file_ref idref="fl-e8"/>
      </object_component>
      <object_component id="oc-10d">
         <name>.text._ZL9pushColort</name>
         <load_address>0xcf8a</load_address>
         <readonly>true</readonly>
         <executable>true</executable>
         <run_address>0xcf8a</run_address>
         <size>0x1e</size>
         <alignment>0x2</alignment>
         <input_file_ref idref="fl-a"/>
      </object_component>
      <object_component id="oc-36">
         <name>.text.Default_Handler</name>
         <load_address>0xcfa8</load_address>
         <readonly>true</readonly>
         <executable>true</executable>
         <run_address>0xcfa8</run_address>
         <size>0x1c</size>
         <alignment>0x4</alignment>
         <input_file_ref idref="fl-13"/>
      </object_component>
      <object_component id="oc-37">
         <name>.text.HardFault_Handler</name>
         <load_address>0xcfc4</load_address>
         <readonly>true</readonly>
         <executable>true</executable>
         <run_address>0xcfc4</run_address>
         <size>0x1c</size>
         <alignment>0x4</alignment>
         <input_file_ref idref="fl-13"/>
      </object_component>
      <object_component id="oc-1b3">
         <name>.text.free_list_remove</name>
         <load_address>0xcfe0</load_address>
         <readonly>true</readonly>
         <executable>true</executable>
         <run_address>0xcfe0</run_address>
         <size>0x1c</size>
         <alignment>0x4</alignment>
         <input_file_ref idref="fl-3b"/>
      </object_component>
      <object_component id="oc-a4">
         <name>.text.__cxx_global_var_init</name>
         <load_address>0xcffc</load_address>
         <readonly>true</readonly>
         <executable>true</executable>
         <run_address>0xcffc</run_address>
         <size>0x18</size>
         <alignment>0x4</alignment>
         <input_file_ref idref="fl-6"/>
      </object_component>
      <object_component id="oc-150">
         <name>.text._Z11ST7735_openPKcji</name>
         <load_address>0xd014</load_address>
         <readonly>true</readonly>
         <executable>true</executable>
         <run_address>0xd014</run_address>
         <size>0x16</size>
         <alignment>0x2</alignment>
         <input_file_ref idref="fl-a"/>
      </object_component>
      <object_component id="oc-14e">
         <name>.text._Z11ST7735_readiPcj</name>
         <load_address>0xd02a</load_address>
         <readonly>true</readonly>
         <executable>true</executable>
         <run_address>0xd02a</run_address>
         <size>0x16</size>
         <alignment>0x2</alignment>
         <input_file_ref idref="fl-a"/>
      </object_component>
      <object_component id="oc-ec">
         <name>.text._ZN6rocket11startMovingEii</name>
         <load_address>0xd040</load_address>
         <readonly>true</readonly>
         <executable>true</executable>
         <run_address>0xd040</run_address>
         <size>0x16</size>
         <alignment>0x2</alignment>
         <input_file_ref idref="fl-8"/>
      </object_component>
      <object_component id="oc-bc">
         <name>.text._ZN6rocket4getXEv</name>
         <load_address>0xd056</load_address>
         <readonly>true</readonly>
         <executable>true</executable>
         <run_address>0xd056</run_address>
         <size>0x16</size>
         <alignment>0x2</alignment>
         <input_file_ref idref="fl-8"/>
      </object_component>
      <object_component id="oc-bd">
         <name>.text._ZN6rocket4getYEv</name>
         <load_address>0xd06c</load_address>
         <readonly>true</readonly>
         <executable>true</executable>
         <run_address>0xd06c</run_address>
         <size>0x16</size>
         <alignment>0x2</alignment>
         <input_file_ref idref="fl-8"/>
      </object_component>
      <object_component id="oc-59">
         <name>.text:decompress:ZI:__TI_zero_init_nomemset</name>
         <load_address>0xd082</load_address>
         <readonly>true</readonly>
         <executable>true</executable>
         <run_address>0xd082</run_address>
         <size>0x16</size>
         <alignment>0x2</alignment>
         <input_file_ref idref="fl-3c"/>
      </object_component>
      <object_component id="oc-7b">
         <name>.text._Znwj</name>
         <load_address>0xd098</load_address>
         <readonly>true</readonly>
         <executable>true</executable>
         <run_address>0xd098</run_address>
         <size>0x14</size>
         <alignment>0x2</alignment>
         <input_file_ref idref="fl-e8"/>
      </object_component>
      <object_component id="oc-c2">
         <name>.text:TI_memcpy_small</name>
         <load_address>0xd0ac</load_address>
         <readonly>true</readonly>
         <executable>true</executable>
         <run_address>0xd0ac</run_address>
         <size>0x12</size>
         <alignment>0x1</alignment>
         <input_file_ref idref="fl-110"/>
      </object_component>
      <object_component id="oc-20">
         <name>.text:decompress:none</name>
         <load_address>0xd0be</load_address>
         <readonly>true</readonly>
         <executable>true</executable>
         <run_address>0xd0be</run_address>
         <size>0x12</size>
         <alignment>0x2</alignment>
         <input_file_ref idref="fl-3d"/>
      </object_component>
      <object_component id="oc-116">
         <name>.text._Z11Clock_Delayj</name>
         <load_address>0xd0d0</load_address>
         <readonly>true</readonly>
         <executable>true</executable>
         <run_address>0xd0d0</run_address>
         <size>0x10</size>
         <alignment>0x2</alignment>
         <input_file_ref idref="fl-3"/>
      </object_component>
      <object_component id="oc-f1">
         <name>.text._Z28TExaS_LaunchPadLogicPB27PB26v</name>
         <load_address>0xd0e0</load_address>
         <readonly>true</readonly>
         <executable>true</executable>
         <run_address>0xd0e0</run_address>
         <size>0x10</size>
         <alignment>0x4</alignment>
         <input_file_ref idref="fl-6"/>
      </object_component>
      <object_component id="oc-1b4">
         <name>.text.OUTLINED_FUNCTION_0</name>
         <load_address>0xd0f0</load_address>
         <readonly>true</readonly>
         <executable>true</executable>
         <run_address>0xd0f0</run_address>
         <size>0xe</size>
         <alignment>0x2</alignment>
         <input_file_ref idref="fl-3b"/>
      </object_component>
      <object_component id="oc-14c">
         <name>.text._Z12ST7735_lseekili</name>
         <load_address>0xd0fe</load_address>
         <readonly>true</readonly>
         <executable>true</executable>
         <run_address>0xd0fe</run_address>
         <size>0xe</size>
         <alignment>0x2</alignment>
         <input_file_ref idref="fl-a"/>
      </object_component>
      <object_component id="oc-10b">
         <name>.text._ZN8SlidePotC2Ejj</name>
         <load_address>0xd10c</load_address>
         <readonly>true</readonly>
         <executable>true</executable>
         <run_address>0xd10c</run_address>
         <size>0xe</size>
         <alignment>0x2</alignment>
         <input_file_ref idref="fl-b"/>
      </object_component>
      <object_component id="oc-229">
         <name>.text.strcpy</name>
         <load_address>0xd11a</load_address>
         <readonly>true</readonly>
         <executable>true</executable>
         <run_address>0xd11a</run_address>
         <size>0xe</size>
         <alignment>0x2</alignment>
         <input_file_ref idref="fl-f8"/>
      </object_component>
      <object_component id="oc-22a">
         <name>.text.strlen</name>
         <load_address>0xd128</load_address>
         <readonly>true</readonly>
         <executable>true</executable>
         <run_address>0xd128</run_address>
         <size>0xe</size>
         <alignment>0x2</alignment>
         <input_file_ref idref="fl-f8"/>
      </object_component>
      <object_component id="oc-130">
         <name>.text:TI_memset_small</name>
         <load_address>0xd136</load_address>
         <readonly>true</readonly>
         <executable>true</executable>
         <run_address>0xd136</run_address>
         <size>0xe</size>
         <alignment>0x1</alignment>
         <input_file_ref idref="fl-111"/>
      </object_component>
      <object_component id="oc-161">
         <name>.text._Z10Clock_Freqv</name>
         <load_address>0xd144</load_address>
         <readonly>true</readonly>
         <executable>true</executable>
         <run_address>0xd144</run_address>
         <size>0xc</size>
         <alignment>0x4</alignment>
         <input_file_ref idref="fl-3"/>
      </object_component>
      <object_component id="oc-14a">
         <name>.text._Z13ST7735_renamePKcS0_</name>
         <load_address>0xd150</load_address>
         <readonly>true</readonly>
         <executable>true</executable>
         <run_address>0xd150</run_address>
         <size>0xc</size>
         <alignment>0x2</alignment>
         <input_file_ref idref="fl-a"/>
      </object_component>
      <object_component id="oc-b9">
         <name>.text._Z22__throw_bad_alloc_shimv</name>
         <load_address>0xd15c</load_address>
         <readonly>true</readonly>
         <executable>true</executable>
         <run_address>0xd15c</run_address>
         <size>0xc</size>
         <alignment>0x4</alignment>
         <input_file_ref idref="fl-e8"/>
      </object_component>
      <object_component id="oc-be">
         <name>.text._ZN6rocket5getVXEv</name>
         <load_address>0xd168</load_address>
         <readonly>true</readonly>
         <executable>true</executable>
         <run_address>0xd168</run_address>
         <size>0xc</size>
         <alignment>0x2</alignment>
         <input_file_ref idref="fl-8"/>
      </object_component>
      <object_component id="oc-bf">
         <name>.text._ZN6rocket5getVYEv</name>
         <load_address>0xd174</load_address>
         <readonly>true</readonly>
         <executable>true</executable>
         <run_address>0xd174</run_address>
         <size>0xc</size>
         <alignment>0x2</alignment>
         <input_file_ref idref="fl-8"/>
      </object_component>
      <object_component id="oc-122">
         <name>.text._ZSt15get_new_handlerv</name>
         <load_address>0xd180</load_address>
         <readonly>true</readonly>
         <executable>true</executable>
         <run_address>0xd180</run_address>
         <size>0xc</size>
         <alignment>0x4</alignment>
         <input_file_ref idref="fl-e9"/>
      </object_component>
      <object_component id="oc-90">
         <name>.text.__aeabi_memclr</name>
         <load_address>0xd18c</load_address>
         <readonly>true</readonly>
         <executable>true</executable>
         <run_address>0xd18c</run_address>
         <size>0xc</size>
         <alignment>0x4</alignment>
         <input_file_ref idref="fl-108"/>
      </object_component>
      <object_component id="oc-128">
         <name>.text.malloc</name>
         <load_address>0xd198</load_address>
         <readonly>true</readonly>
         <executable>true</executable>
         <run_address>0xd198</run_address>
         <size>0xc</size>
         <alignment>0x2</alignment>
         <input_file_ref idref="fl-3b"/>
      </object_component>
      <object_component id="oc-151">
         <name>.text._Z12ST7735_closei</name>
         <load_address>0xd1a4</load_address>
         <readonly>true</readonly>
         <executable>true</executable>
         <run_address>0xd1a4</run_address>
         <size>0xa</size>
         <alignment>0x2</alignment>
         <input_file_ref idref="fl-a"/>
      </object_component>
      <object_component id="oc-14b">
         <name>.text._Z13ST7735_unlinkPKc</name>
         <load_address>0xd1ae</load_address>
         <readonly>true</readonly>
         <executable>true</executable>
         <run_address>0xd1ae</run_address>
         <size>0xa</size>
         <alignment>0x2</alignment>
         <input_file_ref idref="fl-a"/>
      </object_component>
      <object_component id="oc-cc">
         <name>.text._Z8PLL_Initv</name>
         <load_address>0xd1b8</load_address>
         <readonly>true</readonly>
         <executable>true</executable>
         <run_address>0xd1b8</run_address>
         <size>0xa</size>
         <alignment>0x2</alignment>
         <input_file_ref idref="fl-6"/>
      </object_component>
      <object_component id="oc-d4">
         <name>.text._ZN8SlidePot4InitEv</name>
         <load_address>0xd1c2</load_address>
         <readonly>true</readonly>
         <executable>true</executable>
         <run_address>0xd1c2</run_address>
         <size>0x8</size>
         <alignment>0x2</alignment>
         <input_file_ref idref="fl-b"/>
      </object_component>
      <object_component id="oc-ef">
         <name>.text._ZdlPv</name>
         <load_address>0xd1ca</load_address>
         <readonly>true</readonly>
         <executable>true</executable>
         <run_address>0xd1ca</run_address>
         <size>0x8</size>
         <alignment>0x2</alignment>
         <input_file_ref idref="fl-e8"/>
      </object_component>
      <object_component id="oc-52">
         <name>.text.__aeabi_memcpy</name>
         <load_address>0xd1d4</load_address>
         <readonly>true</readonly>
         <executable>true</executable>
         <run_address>0xd1d4</run_address>
         <size>0x8</size>
         <alignment>0x4</alignment>
         <input_file_ref idref="fl-107"/>
      </object_component>
      <object_component id="oc-203">
         <name>.text.remove</name>
         <load_address>0xd1dc</load_address>
         <readonly>true</readonly>
         <executable>true</executable>
         <run_address>0xd1dc</run_address>
         <size>0x8</size>
         <alignment>0x2</alignment>
         <input_file_ref idref="fl-ee"/>
      </object_component>
      <object_component id="oc-32">
         <name>.text.Reset_Handler</name>
         <load_address>0xd1e4</load_address>
         <readonly>true</readonly>
         <executable>true</executable>
         <run_address>0xd1e4</run_address>
         <size>0x4</size>
         <alignment>0x2</alignment>
         <input_file_ref idref="fl-13"/>
      </object_component>
      <object_component id="oc-95">
         <name>.text._system_pre_init</name>
         <load_address>0xd1e8</load_address>
         <readonly>true</readonly>
         <executable>true</executable>
         <run_address>0xd1e8</run_address>
         <size>0x4</size>
         <alignment>0x2</alignment>
         <input_file_ref idref="fl-48"/>
      </object_component>
      <object_component id="oc-12a">
         <name>.text.abort_message</name>
         <load_address>0xd1ec</load_address>
         <readonly>true</readonly>
         <executable>true</executable>
         <run_address>0xd1ec</run_address>
         <size>0x4</size>
         <alignment>0x2</alignment>
         <input_file_ref idref="fl-ea"/>
      </object_component>
      <object_component id="oc-f2">
         <name>.text:abort</name>
         <load_address>0xd1f0</load_address>
         <readonly>true</readonly>
         <executable>true</executable>
         <run_address>0xd1f0</run_address>
         <size>0x4</size>
         <alignment>0x2</alignment>
         <input_file_ref idref="fl-37"/>
      </object_component>
      <object_component id="oc-28e">
         <name>.cinit..data.load</name>
         <load_address>0xd200</load_address>
         <readonly>true</readonly>
         <run_address>0xd200</run_address>
         <size>0x7eb</size>
         <alignment>0x1</alignment>
      </object_component>
      <object_component id="oc-28c">
         <name>__TI_handler_table</name>
         <load_address>0xd9ec</load_address>
         <readonly>true</readonly>
         <run_address>0xd9ec</run_address>
         <size>0xc</size>
         <alignment>0x4</alignment>
      </object_component>
      <object_component id="oc-28f">
         <name>.cinit..bss.load</name>
         <load_address>0xd9f8</load_address>
         <readonly>true</readonly>
         <run_address>0xd9f8</run_address>
         <size>0x8</size>
         <alignment>0x4</alignment>
      </object_component>
      <object_component id="oc-28d">
         <name>__TI_cinit_table</name>
         <load_address>0xda00</load_address>
         <readonly>true</readonly>
         <run_address>0xda00</run_address>
         <size>0x10</size>
         <alignment>0x4</alignment>
      </object_component>
      <object_component id="oc-b3">
         <name>.rodata.Astrobackground</name>
         <load_address>0xc0</load_address>
         <readonly>true</readonly>
         <run_address>0xc0</run_address>
         <size>0xa000</size>
         <alignment>0x2</alignment>
         <input_file_ref idref="fl-11"/>
      </object_component>
      <object_component id="oc-243">
         <name>.rodata._ZL4Font</name>
         <load_address>0xa0c0</load_address>
         <readonly>true</readonly>
         <run_address>0xa0c0</run_address>
         <size>0x4fb</size>
         <alignment>0x1</alignment>
         <input_file_ref idref="fl-a"/>
      </object_component>
      <object_component id="oc-b6">
         <name>.rodata..L__const._ZN6rocket13rotateInverseEv.rotateX</name>
         <load_address>0xa5bc</load_address>
         <readonly>true</readonly>
         <run_address>0xa5bc</run_address>
         <size>0x40</size>
         <alignment>0x4</alignment>
         <input_file_ref idref="fl-8"/>
      </object_component>
      <object_component id="oc-b7">
         <name>.rodata..L__const._ZN6rocket13rotateInverseEv.rotateY</name>
         <load_address>0xa5fc</load_address>
         <readonly>true</readonly>
         <run_address>0xa5fc</run_address>
         <size>0x40</size>
         <alignment>0x4</alignment>
         <input_file_ref idref="fl-8"/>
      </object_component>
      <object_component id="oc-af">
         <name>.rodata..L__const._ZN6rocket6rotateEv.rotateX</name>
         <load_address>0xa63c</load_address>
         <readonly>true</readonly>
         <run_address>0xa63c</run_address>
         <size>0x40</size>
         <alignment>0x4</alignment>
         <input_file_ref idref="fl-8"/>
      </object_component>
      <object_component id="oc-b0">
         <name>.rodata..L__const._ZN6rocket6rotateEv.rotateY</name>
         <load_address>0xa67c</load_address>
         <readonly>true</readonly>
         <run_address>0xa67c</run_address>
         <size>0x40</size>
         <alignment>0x4</alignment>
         <input_file_ref idref="fl-8"/>
      </object_component>
      <object_component id="oc-18d">
         <name>.rodata._ZL5Rcmd1</name>
         <load_address>0xa6bc</load_address>
         <readonly>true</readonly>
         <run_address>0xa6bc</run_address>
         <size>0x3b</size>
         <alignment>0x1</alignment>
         <input_file_ref idref="fl-a"/>
      </object_component>
      <object_component id="oc-12e">
         <name>.rodata.str1.6945404916631741401</name>
         <load_address>0xa6f7</load_address>
         <readonly>true</readonly>
         <run_address>0xa6f7</run_address>
         <size>0x2d</size>
         <alignment>0x1</alignment>
         <input_file_ref idref="fl-e8"/>
      </object_component>
      <object_component id="oc-190">
         <name>.rodata._ZL5Rcmd3</name>
         <load_address>0xa724</load_address>
         <readonly>true</readonly>
         <run_address>0xa724</run_address>
         <size>0x2b</size>
         <alignment>0x1</alignment>
         <input_file_ref idref="fl-a"/>
      </object_component>
      <object_component id="oc-20c">
         <name>.rodata.str1.67165064839506275441</name>
         <load_address>0xa74f</load_address>
         <readonly>true</readonly>
         <run_address>0xa74f</run_address>
         <size>0x16</size>
         <alignment>0x1</alignment>
         <input_file_ref idref="fl-a"/>
      </object_component>
      <object_component id="oc-18f">
         <name>.rodata._ZL10Rcmd2green</name>
         <load_address>0xa765</load_address>
         <readonly>true</readonly>
         <run_address>0xa765</run_address>
         <size>0xd</size>
         <alignment>0x1</alignment>
         <input_file_ref idref="fl-a"/>
      </object_component>
      <object_component id="oc-18e">
         <name>.rodata._ZL8Rcmd2red</name>
         <load_address>0xa772</load_address>
         <readonly>true</readonly>
         <run_address>0xa772</run_address>
         <size>0xd</size>
         <alignment>0x1</alignment>
         <input_file_ref idref="fl-a"/>
      </object_component>
      <object_component id="oc-156">
         <name>.rodata.str1.120086730003447944921</name>
         <load_address>0xa77f</load_address>
         <readonly>true</readonly>
         <run_address>0xa77f</run_address>
         <size>0x8</size>
         <alignment>0x1</alignment>
         <input_file_ref idref="fl-a"/>
      </object_component>
      <object_component id="oc-152">
         <name>.rodata.str1.169659734181648926761</name>
         <load_address>0xa787</load_address>
         <readonly>true</readonly>
         <run_address>0xa787</run_address>
         <size>0x7</size>
         <alignment>0x1</alignment>
         <input_file_ref idref="fl-a"/>
      </object_component>
      <object_component id="oc-14f">
         <name>.rodata.str1.2695294778673128631</name>
         <load_address>0xa78e</load_address>
         <readonly>true</readonly>
         <run_address>0xa78e</run_address>
         <size>0x7</size>
         <alignment>0x1</alignment>
         <input_file_ref idref="fl-a"/>
      </object_component>
      <object_component id="oc-153">
         <name>.rodata.str1.116550166073745368321</name>
         <load_address>0xa795</load_address>
         <readonly>true</readonly>
         <run_address>0xa795</run_address>
         <size>0x2</size>
         <alignment>0x1</alignment>
         <input_file_ref idref="fl-a"/>
      </object_component>
      <object_component id="oc-2f">
         <name>.init_array</name>
         <load_address>0xa798</load_address>
         <readonly>true</readonly>
         <run_address>0xa798</run_address>
         <size>0x4</size>
         <alignment>0x4</alignment>
         <input_file_ref idref="fl-6"/>
      </object_component>
      <object_component id="oc-290">
         <name>SHT$$INIT_ARRAY$$Limit</name>
         <load_address>0xa79c</load_address>
         <readonly>true</readonly>
         <run_address>0xa79c</run_address>
         <size>0x0</size>
         <alignment>0x0</alignment>
      </object_component>
      <object_component id="oc-256">
         <name>.binit</name>
         <load_address>0x0</load_address>
         <readonly>true</readonly>
         <run_address>0x0</run_address>
         <size>0x0</size>
         <alignment>0x4</alignment>
      </object_component>
      <object_component id="oc-117">
         <name>.data.BusFreq</name>
         <load_address>0x20200fdc</load_address>
         <readwrite>true</readwrite>
         <run_address>0x20200fdc</run_address>
         <size>0x4</size>
         <alignment>0x4</alignment>
         <input_file_ref idref="fl-3"/>
      </object_component>
      <object_component id="oc-89">
         <name>.data.currentBullet</name>
         <load_address>0x20200ff8</load_address>
         <readwrite>true</readwrite>
         <run_address>0x20200ff8</run_address>
         <size>0x4</size>
         <alignment>0x4</alignment>
[...]
         <object_component_ref idref="oc-e3"/>
      </symbol>
      <symbol id="sm-15e">
         <name>SysTick_Handler</name>
         <value>0xbdd7</value>
         <object_component_ref idref="oc-38"/>
      </symbol>
      <symbol id="sm-168">
         <name>_Z11Switch_Initv</name>
         <value>0xcb61</value>
         <object_component_ref idref="oc-d9"/>
      </symbol>
      <symbol id="sm-17e">
         <name>_Z8ADC_InitP10ADC12_Regsjj</name>
         <value>0xb0e1</value>
         <object_component_ref idref="oc-15e"/>
      </symbol>
      <symbol id="sm-17f">
         <name>_Z9ADC_StartP10ADC12_Regs</name>
         <value>0xcec5</value>
         <object_component_ref idref="oc-15f"/>
      </symbol>
      <symbol id="sm-180">
         <name>_Z9UART_Initv</name>
         <value>0xb82d</value>
         <object_component_ref idref="oc-160"/>
      </symbol>
      <symbol id="sm-181">
         <name>TIMG7_IRQHandler</name>
         <value>0xca29</value>
         <object_component_ref idref="oc-3d"/>
      </symbol>
      <symbol id="sm-182">
         <name>TExaSadc</name>
         <value>0x202013dc</value>
         <object_component_ref idref="oc-71"/>
      </symbol>
      <symbol id="sm-183">
         <name>TExaSLogic</name>
         <value>0x202013d8</value>
         <object_component_ref idref="oc-72"/>
      </symbol>
      <symbol id="sm-184">
         <name>_Z10TExaS_InitP10ADC12_RegsjPFhvE</name>
         <value>0xc801</value>
         <object_component_ref idref="oc-e4"/>
      </symbol>
      <symbol id="sm-191">
         <name>_Z14TimerG7_IntArmtjj</name>
         <value>0xbc8d</value>
         <object_component_ref idref="oc-162"/>
      </symbol>
      <symbol id="sm-192">
         <name>_Z15TimerG12_IntArmjj</name>
         <value>0xbfad</value>
         <object_component_ref idref="oc-e5"/>
      </symbol>
      <symbol id="sm-197">
         <name>bluechar0</name>
         <value>0x20200372</value>
         <object_component_ref idref="oc-11a"/>
      </symbol>
      <symbol id="sm-198">
         <name>bluechar90</name>
         <value>0x20200b52</value>
         <object_component_ref idref="oc-11b"/>
      </symbol>
      <symbol id="sm-199">
         <name>bluechar180</name>
         <value>0x20200612</value>
         <object_component_ref idref="oc-11c"/>
      </symbol>
      <symbol id="sm-19a">
         <name>bluechar270</name>
         <value>0x202008b2</value>
         <object_component_ref idref="oc-11d"/>
      </symbol>
      <symbol id="sm-19b">
         <name>bluechar315</name>
         <value>0x20200000</value>
         <object_component_ref idref="oc-11e"/>
      </symbol>
      <symbol id="sm-19c">
         <name>rotationsBlue</name>
         <value>0x20200fc0</value>
         <object_component_ref idref="oc-b1"/>
      </symbol>
      <symbol id="sm-19d">
         <name>Astrobackground</name>
         <value>0xc0</value>
         <object_component_ref idref="oc-b3"/>
      </symbol>
      <symbol id="sm-1af">
         <name>Default_Handler</name>
         <value>0xcfa9</value>
         <object_component_ref idref="oc-36"/>
      </symbol>
      <symbol id="sm-1b0">
         <name>Reset_Handler</name>
         <value>0xd1e5</value>
         <object_component_ref idref="oc-32"/>
      </symbol>
      <symbol id="sm-1b1">
         <name>HardFault_Handler</name>
         <value>0xcfc5</value>
         <object_component_ref idref="oc-37"/>
      </symbol>
      <symbol id="sm-1b2">
         <name>interruptVectors</name>
         <value>0x0</value>
         <object_component_ref idref="oc-18"/>
      </symbol>
      <symbol id="sm-1b3">
         <name>NMI_Handler</name>
         <value>0xcfa9</value>
         <object_component_ref idref="oc-36"/>
      </symbol>
      <symbol id="sm-1b4">
         <name>SVC_Handler</name>
         <value>0xcfa9</value>
         <object_component_ref idref="oc-36"/>
      </symbol>
      <symbol id="sm-1b5">
         <name>PendSV_Handler</name>
         <value>0xcfa9</value>
         <object_component_ref idref="oc-36"/>
      </symbol>
      <symbol id="sm-1b6">
         <name>GROUP0_IRQHandler</name>
         <value>0xcfa9</value>
         <object_component_ref idref="oc-36"/>
      </symbol>
      <symbol id="sm-1b7">
         <name>GROUP1_IRQHandler</name>
         <value>0xcfa9</value>
         <object_component_ref idref="oc-36"/>
      </symbol>
      <symbol id="sm-1b8">
         <name>TIMG8_IRQHandler</name>
         <value>0xcfa9</value>
         <object_component_ref idref="oc-36"/>
      </symbol>
      <symbol id="sm-1b9">
         <name>UART3_IRQHandler</name>
         <value>0xcfa9</value>
         <object_component_ref idref="oc-36"/>
      </symbol>
      <symbol id="sm-1ba">
         <name>ADC0_IRQHandler</name>
         <value>0xcfa9</value>
         <object_component_ref idref="oc-36"/>
      </symbol>
      <symbol id="sm-1bb">
         <name>ADC1_IRQHandler</name>
         <value>0xcfa9</value>
         <object_component_ref idref="oc-36"/>
      </symbol>
      <symbol id="sm-1bc">
         <name>CANFD0_IRQHandler</name>
         <value>0xcfa9</value>
         <object_component_ref idref="oc-36"/>
      </symbol>
      <symbol id="sm-1bd">
         <name>DAC0_IRQHandler</name>
         <value>0xcfa9</value>
         <object_component_ref idref="oc-36"/>
      </symbol>
      <symbol id="sm-1be">
         <name>SPI0_IRQHandler</name>
         <value>0xcfa9</value>
         <object_component_ref idref="oc-36"/>
      </symbol>
      <symbol id="sm-1bf">
         <name>SPI1_IRQHandler</name>
         <value>0xcfa9</value>
         <object_component_ref idref="oc-36"/>
      </symbol>
      <symbol id="sm-1c0">
         <name>UART1_IRQHandler</name>
         <value>0xcfa9</value>
         <object_component_ref idref="oc-36"/>
      </symbol>
      <symbol id="sm-1c1">
         <name>UART2_IRQHandler</name>
         <value>0xcfa9</value>
         <object_component_ref idref="oc-36"/>
      </symbol>
      <symbol id="sm-1c2">
         <name>UART0_IRQHandler</name>
         <value>0xcfa9</value>
         <object_component_ref idref="oc-36"/>
      </symbol>
      <symbol id="sm-1c3">
         <name>TIMG0_IRQHandler</name>
         <value>0xcfa9</value>
         <object_component_ref idref="oc-36"/>
      </symbol>
      <symbol id="sm-1c4">
         <name>TIMG6_IRQHandler</name>
         <value>0xcfa9</value>
         <object_component_ref idref="oc-36"/>
      </symbol>
      <symbol id="sm-1c5">
         <name>TIMA0_IRQHandler</name>
         <value>0xcfa9</value>
         <object_component_ref idref="oc-36"/>
      </symbol>
      <symbol id="sm-1c6">
         <name>TIMA1_IRQHandler</name>
         <value>0xcfa9</value>
         <object_component_ref idref="oc-36"/>
      </symbol>
      <symbol id="sm-1c7">
         <name>I2C0_IRQHandler</name>
         <value>0xcfa9</value>
         <object_component_ref idref="oc-36"/>
      </symbol>
      <symbol id="sm-1c8">
         <name>I2C1_IRQHandler</name>
         <value>0xcfa9</value>
         <object_component_ref idref="oc-36"/>
      </symbol>
      <symbol id="sm-1c9">
         <name>AES_IRQHandler</name>
         <value>0xcfa9</value>
         <object_component_ref idref="oc-36"/>
      </symbol>
      <symbol id="sm-1ca">
         <name>RTC_IRQHandler</name>
         <value>0xcfa9</value>
         <object_component_ref idref="oc-36"/>
      </symbol>
      <symbol id="sm-1cb">
         <name>DMA_IRQHandler</name>
         <value>0xcfa9</value>
         <object_component_ref idref="oc-36"/>
      </symbol>
      <symbol id="sm-1cc">
         <name>__TI_ATRegion0_src_addr</name>
         <value>0x0</value>
      </symbol>
      <symbol id="sm-1cd">
         <name>__TI_ATRegion0_trg_addr</name>
         <value>0x0</value>
      </symbol>
      <symbol id="sm-1ce">
         <name>__TI_ATRegion0_region_sz</name>
         <value>0x0</value>
      </symbol>
      <symbol id="sm-1cf">
         <name>__TI_ATRegion1_src_addr</name>
         <value>0x0</value>
      </symbol>
      <symbol id="sm-1d0">
         <name>__TI_ATRegion1_trg_addr</name>
         <value>0x0</value>
      </symbol>
      <symbol id="sm-1d1">
         <name>__TI_ATRegion1_region_sz</name>
         <value>0x0</value>
      </symbol>
      <symbol id="sm-1d2">
         <name>__TI_ATRegion2_src_addr</name>
         <value>0x0</value>
      </symbol>
      <symbol id="sm-1d3">
         <name>__TI_ATRegion2_trg_addr</name>
         <value>0x0</value>
      </symbol>
      <symbol id="sm-1d4">
         <name>__TI_ATRegion2_region_sz</name>
         <value>0x0</value>
      </symbol>
      <symbol id="sm-1ed">
         <name>fopen</name>
         <value>0xce3d</value>
         <object_component_ref idref="oc-13f"/>
      </symbol>
      <symbol id="sm-1ee">
         <name>__TI_cleanup</name>
         <value>0xcca1</value>
         <object_component_ref idref="oc-1a9"/>
      </symbol>
      <symbol id="sm-1ef">
         <name>freopen</name>
         <value>0xcda5</value>
         <object_component_ref idref="oc-145"/>
      </symbol>
      <symbol id="sm-1f9">
         <name>setvbuf</name>
         <value>0xbadd</value>
         <object_component_ref idref="oc-146"/>
      </symbol>
      <symbol id="sm-208">
         <name>abort</name>
         <value>0xd1f1</value>
         <object_component_ref idref="oc-f2"/>
      </symbol>
      <symbol id="sm-209">
         <name>C$$EXIT</name>
         <value>0xd1f0</value>
         <object_component_ref idref="oc-f2"/>
      </symbol>
      <symbol id="sm-20a">
         <name>__TI_cleanup_ptr</name>
         <value>0x20200fd4</value>
         <object_component_ref idref="oc-170"/>
      </symbol>
      <symbol id="sm-20b">
         <name>__TI_dtors_ptr</name>
         <value>0x20200fd8</value>
         <object_component_ref idref="oc-170"/>
      </symbol>
      <symbol id="sm-20c">
         <name>exit</name>
         <value>0xcd3d</value>
         <object_component_ref idref="oc-f7"/>
      </symbol>
      <symbol id="sm-215">
         <name>_nop</name>
         <value>0xce0b</value>
         <object_component_ref idref="oc-1b6"/>
      </symbol>
      <symbol id="sm-216">
         <name>_lock</name>
         <value>0x20200ff0</value>
         <object_component_ref idref="oc-16e"/>
      </symbol>
      <symbol id="sm-217">
         <name>_unlock</name>
         <value>0x20200ff4</value>
         <object_component_ref idref="oc-171"/>
      </symbol>
      <symbol id="sm-21d">
         <name>_ftable</name>
         <value>0x20200df4</value>
         <object_component_ref idref="oc-154"/>
      </symbol>
      <symbol id="sm-21e">
         <name>__TI_ft_end</name>
         <value>0x20200fe8</value>
         <object_component_ref idref="oc-1f4"/>
      </symbol>
      <symbol id="sm-21f">
         <name>__TI_tmpnams</name>
         <value>0x20201330</value>
         <object_component_ref idref="oc-207"/>
      </symbol>
      <symbol id="sm-242">
         <name>malloc</name>
         <value>0xd199</value>
         <object_component_ref idref="oc-128"/>
      </symbol>
      <symbol id="sm-243">
         <name>aligned_alloc</name>
         <value>0xb43d</value>
         <object_component_ref idref="oc-185"/>
      </symbol>
      <symbol id="sm-244">
         <name>free</name>
         <value>0xb915</value>
         <object_component_ref idref="oc-16b"/>
      </symbol>
      <symbol id="sm-245">
         <name>_sys_memory</name>
         <value>0x20201010</value>
         <object_component_ref idref="oc-30"/>
      </symbol>
      <symbol id="sm-246">
         <name>memalign</name>
         <value>0xb43d</value>
         <object_component_ref idref="oc-185"/>
      </symbol>
      <symbol id="sm-250">
         <name>__TI_zero_init_nomemset</name>
         <value>0xd083</value>
         <object_component_ref idref="oc-59"/>
      </symbol>
      <symbol id="sm-259">
         <name>__TI_decompress_none</name>
         <value>0xd0bf</value>
         <object_component_ref idref="oc-20"/>
      </symbol>
      <symbol id="sm-264">
         <name>__TI_decompress_lzss</name>
         <value>0xc3f5</value>
         <object_component_ref idref="oc-1c"/>
      </symbol>
      <symbol id="sm-26f">
         <name>_c_int00_noargs</name>
         <value>0xcf3d</value>
         <object_component_ref idref="oc-62"/>
      </symbol>
      <symbol id="sm-270">
         <name>__stack</name>
         <value>0x20207e00</value>
         <object_component_ref idref="oc-1a"/>
      </symbol>
      <symbol id="sm-27d">
         <name>__TI_closefile</name>
         <value>0xc379</value>
         <object_component_ref idref="oc-1a3"/>
      </symbol>
      <symbol id="sm-287">
         <name>__TI_doflush</name>
         <value>0xc8ad</value>
         <object_component_ref idref="oc-1f9"/>
      </symbol>
      <symbol id="sm-295">
         <name>__TI_auto_init_nobinit</name>
         <value>0xc859</value>
         <object_component_ref idref="oc-ff"/>
      </symbol>
      <symbol id="sm-29d">
         <name>_system_pre_init</name>
         <value>0xd1e9</value>
         <object_component_ref idref="oc-95"/>
      </symbol>
      <symbol id="sm-2b9">
         <name>_Znwj</name>
         <value>0xd099</value>
         <object_component_ref idref="oc-7b"/>
      </symbol>
      <symbol id="sm-2ba">
         <name>_Z22__throw_bad_alloc_shimv</name>
         <value>0xd15d</value>
         <object_component_ref idref="oc-b9"/>
      </symbol>
      <symbol id="sm-2bb">
         <name>_ZdlPv</name>
         <value>0xd1cb</value>
         <object_component_ref idref="oc-ef"/>
      </symbol>
      <symbol id="sm-2c6">
         <name>_ZSt15get_new_handlerv</name>
         <value>0xd181</value>
         <object_component_ref idref="oc-122"/>
      </symbol>
      <symbol id="sm-2cf">
         <name>abort_message</name>
         <value>0xd1ed</value>
         <object_component_ref idref="oc-12a"/>
      </symbol>
      <symbol id="sm-2d6">
         <name>__cxa_new_handler</name>
         <value>0x20200fec</value>
         <object_component_ref idref="oc-181"/>
      </symbol>
      <symbol id="sm-2e0">
         <name>write</name>
         <value>0xcf15</value>
         <object_component_ref idref="oc-233"/>
      </symbol>
      <symbol id="sm-2e5">
         <name>_device</name>
         <value>0x20200ee4</value>
         <object_component_ref idref="oc-19a"/>
      </symbol>
      <symbol id="sm-2e6">
         <name>_stream</name>
         <value>0x20200f5c</value>
         <object_component_ref idref="oc-22f"/>
      </symbol>
      <symbol id="sm-2ef">
         <name>remove</name>
         <value>0xd1dd</value>
         <object_component_ref idref="oc-203"/>
      </symbol>
      <symbol id="sm-2fb">
         <name>open</name>
         <value>0xbdd9</value>
         <object_component_ref idref="oc-1f5"/>
      </symbol>
      <symbol id="sm-306">
         <name>close</name>
         <value>0xc901</value>
         <object_component_ref idref="oc-1ff"/>
      </symbol>
      <symbol id="sm-312">
         <name>add_device</name>
         <value>0xb741</value>
         <object_component_ref idref="oc-13b"/>
      </symbol>
      <symbol id="sm-31c">
         <name>unlink</name>
         <value>0xce99</value>
         <object_component_ref idref="oc-23c"/>
      </symbol>
      <symbol id="sm-326">
         <name>HOSTclose</name>
         <value>0xc951</value>
         <object_component_ref idref="oc-1d7"/>
      </symbol>
      <symbol id="sm-330">
         <name>HOSTlseek</name>
         <value>0xc4e1</value>
         <object_component_ref idref="oc-1e3"/>
      </symbol>
      <symbol id="sm-33a">
         <name>HOSTopen</name>
         <value>0xc6f1</value>
         <object_component_ref idref="oc-1d3"/>
      </symbol>
      <symbol id="sm-33b">
         <name>parmbuf</name>
         <value>0x202013d0</value>
         <object_component_ref idref="oc-216"/>
      </symbol>
      <symbol id="sm-345">
         <name>HOSTread</name>
         <value>0xc751</value>
         <object_component_ref idref="oc-1db"/>
      </symbol>
      <symbol id="sm-356">
         <name>HOSTrename</name>
         <value>0xc54d</value>
         <object_component_ref idref="oc-1eb"/>
      </symbol>
      <symbol id="sm-360">
         <name>HOSTunlink</name>
         <value>0xc999</value>
         <object_component_ref idref="oc-1e7"/>
      </symbol>
      <symbol id="sm-36a">
         <name>HOSTwrite</name>
         <value>0xc7a9</value>
         <object_component_ref idref="oc-1df"/>
      </symbol>
      <symbol id="sm-378">
         <name>C$$IO$$</name>
         <value>0xcd35</value>
         <object_component_ref idref="oc-20f"/>
      </symbol>
      <symbol id="sm-379">
         <name>__TI_writemsg</name>
         <value>0xcd09</value>
         <object_component_ref idref="oc-20f"/>
      </symbol>
      <symbol id="sm-37a">
         <name>__CIOBUF_</name>
         <value>0x20201210</value>
         <object_component_ref idref="oc-244"/>
      </symbol>
      <symbol id="sm-37b">
         <name>__TI_readmsg</name>
         <value>0xccd5</value>
         <object_component_ref idref="oc-215"/>
      </symbol>
      <symbol id="sm-37c">
         <name>_CIOBUF_</name>
         <value>0x20201210</value>
         <object_component_ref idref="oc-244"/>
      </symbol>
      <symbol id="sm-382">
         <name>__aeabi_memcpy</name>
         <value>0xd1d5</value>
         <object_component_ref idref="oc-52"/>
      </symbol>
      <symbol id="sm-383">
         <name>__aeabi_memcpy4</name>
         <value>0xd1d5</value>
         <object_component_ref idref="oc-52"/>
      </symbol>
      <symbol id="sm-384">
         <name>__aeabi_memcpy8</name>
         <value>0xd1d5</value>
         <object_component_ref idref="oc-52"/>
      </symbol>
      <symbol id="sm-38b">
         <name>__aeabi_memclr</name>
         <value>0xd18d</value>
         <object_component_ref idref="oc-90"/>
      </symbol>
      <symbol id="sm-38c">
         <name>__aeabi_memclr4</name>
         <value>0xd18d</value>
         <object_component_ref idref="oc-90"/>
      </symbol>
      <symbol id="sm-38d">
         <name>__aeabi_memclr8</name>
         <value>0xd18d</value>
         <object_component_ref idref="oc-90"/>
      </symbol>
      <symbol id="sm-393">
         <name>__aeabi_uidiv</name>
         <value>0xcaa9</value>
         <object_component_ref idref="oc-112"/>
      </symbol>
      <symbol id="sm-394">
         <name>__aeabi_uidivmod</name>
         <value>0xcaa9</value>
         <object_component_ref idref="oc-112"/>
      </symbol>
      <symbol id="sm-39f">
         <name>__aeabi_idiv0</name>
         <value>0xc8ff</value>
         <object_component_ref idref="oc-17b"/>
      </symbol>
      <symbol id="sm-3ad">
         <name>finddevice</name>
         <value>0xcd71</value>
         <object_component_ref idref="oc-193"/>
      </symbol>
      <symbol id="sm-3ae">
         <name>getdevice</name>
         <value>0xc5b9</value>
         <object_component_ref idref="oc-22d"/>
      </symbol>
      <symbol id="sm-3b7">
         <name>TI_memcpy_small</name>
         <value>0xd0ad</value>
         <object_component_ref idref="oc-c2"/>
      </symbol>
      <symbol id="sm-3c0">
         <name>TI_memset_small</name>
         <value>0xd137</value>
         <object_component_ref idref="oc-130"/>
      </symbol>
      <symbol id="sm-3c8">
         <name>strcmp</name>
         <value>0xc1f1</value>
         <object_component_ref idref="oc-1cd"/>
      </symbol>
      <symbol id="sm-3c9">
         <name>__TI_static_base__</name>
         <value>0x0</value>
      </symbol>
      <symbol id="sm-3cc">
         <name>__mpu_init</name>
         <value>0x0</value>
      </symbol>
      <symbol id="sm-3cd">
         <name>_system_post_cinit</name>
         <value>0x0</value>
      </symbol>
   </symbol_table>
   <title>Link successful</title>
</link_info>
