******************************************************************************
            TI ARM Clang Linker Unix v4.0.1                    
******************************************************************************
>> Linked Wed Apr 16 20:10:28 2025

OUTPUT FILE NAME:   <ECE319K_Lab9H.out>
ENTRY POINT SYMBOL: "_c_int00_noargs"  address: 00002695


MEMORY CONFIGURATION

         name            origin    length      used     unused   attr    fill
----------------------  --------  ---------  --------  --------  ----  --------
  FLASH                 00000000   00020000  00003310  0001ccf0  R  X
  SRAM                  20200000   00008000  000007e8  00007818  RW X
  BCR_CONFIG            41c00000   00000080  00000000  00000080  R   
  BSL_CONFIG            41c00100   00000080  00000000  00000080  R   


SEGMENT ALLOCATION MAP

run origin  load origin   length   init length attrs members
----------  ----------- ---------- ----------- ----- -------
00000000    00000000    00003310   00003310    r-x
  00000000    00000000    000000c0   000000c0    r-- .intvecs
  000000c0    000000c0    00002890   00002890    r-x .text
  00002950    00002950    00000928   00000928    r-- .rodata
  00003278    00003278    00000008   00000008    r-- .init_array
  00003280    00003280    00000090   00000090    r-- .cinit
20200000    20200000    000005eb   00000000    rw-
  20200000    20200000    0000020d   00000000    rw- .data
  20200210    20200210    00000200   00000000    rw- .sysmem
  20200410    20200410    000001db   00000000    rw- .bss
20207e00    20207e00    00000200   00000000    rw-
  20207e00    20207e00    00000200   00000000    rw- .stack


SECTION ALLOCATION MAP

 output                                  attributes/
section   page    origin      length       input sections
--------  ----  ----------  ----------   ----------------
.intvecs   0    00000000    000000c0     
                  00000000    000000c0     startup_mspm0g3507_ticlang.o (.intvecs)

.binit     0    00000000    00000000     

.text      0    000000c0    00002890     
                  000000c0    00000210     ST7735.o (.text._Z17ST7735_DrawBitmapssPKtss)
                  000002d0    000001b4     Clock.o (.text._Z15Clock_Init80MHzi)
                  00000484    000001a0     ST7735.o (.text._Z16ST7735_DrawCharSsscssh)
                  00000624    00000158     Bullet.o (.text._ZN6bullet4drawEv)
                  0000077c    00000154     libc.a : fopen.c.obj (.text._openfile)
                  000008d0    00000128     TExaS.o (.text._Z8ADC_InitP10ADC12_Regsjj)
                  000009f8    00000128     Rocket.o (.text._ZN6rocket4drawEv)
                  00000b20    00000118     ST7735.o (.text._Z15ST7735_FillRectsssst)
                  00000c38    00000114     libc.a : memory.c.obj (.text.aligned_alloc)
                  00000d4c    000000f8     SPI.o (.text._Z8SPI_Initv)
                  00000e44    000000ec     libsysbm.a : add_device.c.obj (.text.add_device)
                  00000f30    000000e8     TExaS.o (.text._Z9UART_Initv)
                  00001018    000000e8     libc.a : memory.c.obj (.text.free)
                  00001100    000000e8     Lab9HMain.o (.text.main)
                  000011e8    000000e0     libc.a : setvbuf.c.obj (.text.setvbuf)
                  000012c8    000000d0     ST7735.o (.text._Z14ST7735_OutCharc)
                  00001398    000000c4     Lab9HMain.o (.text.TIMG12_IRQHandler)
                  0000145c    000000a8     Timer.o (.text._Z14TimerG7_IntArmtjj)
                  00001504    000000a2     ST7735.o (.text._ZL11commandListPKh)
                  000015a6    00000002     Sound.o (.text.SysTick_Handler)
                  000015a8    000000a0     libsysbm.a : open.c.obj (.text.open)
                  00001648    0000009c     ST7735.o (.text._Z17ST7735_InitPrintfv)
                  000016e4    00000098     ST7735.o (.text._Z12ST7735_InitR10initRFlags)
                  0000177c    00000094     Timer.o (.text._Z15TimerG12_IntArmjj)
                  00001810    00000088     ST7735.o (.text._ZL13setAddrWindowhhhh)
                  00001898    00000008     Lab9HMain.o (.text._GLOBAL__sub_I_Lab9HMain.cpp)
                  000018a0    00000088     libc.a : strcmp-armv6m.S.obj (.text:strcmp)
                  00001928    00000084     ST7735.o (.text._Z17ST7735_DrawStringttPcs)
                  000019ac    0000007c     LaunchPad.o (.text._Z14LaunchPad_Initv)
                  00001a28    0000007c     libc.a : fclose.c.obj (.text.__TI_closefile)
                  00001aa4    0000007c            : copy_decompress_lzss.c.obj (.text:decompress:lzss)
                  00001b20    0000007a     Bullet.o (.text._ZN6bulletC2E6rocket)
                  00001b9a    00000002     Sound.o (.text._Z10Sound_Initv)
                  00001b9c    00000070     ST7735.o (.text._Z16ST7735_DrawPixelsst)
                  00001c0c    0000006c     libsysbm.a : hostlseek.c.obj (.text.HOSTlseek)
                  00001c78    0000006c                : hostrename.c.obj (.text.HOSTrename)
                  00001ce4    0000006c     Rocket.o (.text._ZN6rocket6rotateEv)
                  00001d50    0000006c     libc.a : getdevice.c.obj (.text.getdevice)
                  00001dbc    00000064            : memory.c.obj (.text.split)
                  00001e20    00000060     libsysbm.a : hostopen.c.obj (.text.HOSTopen)
                  00001e80    00000058                : hostread.c.obj (.text.HOSTread)
                  00001ed8    00000058                : hostwrite.c.obj (.text.HOSTwrite)
                  00001f30    00000058     TExaS.o (.text._Z10TExaS_InitP10ADC12_RegsjPFhvE)
                  00001f88    00000054     libc.a : autoinit.c.obj (.text:__TI_auto_init_nobinit)
                  00001fdc    00000052            : fflush.c.obj (.text.__TI_doflush)
                  0000202e    00000002     libclang_rt.builtins.a : aeabi_div0.c.obj (.text.__aeabi_idiv0)
                  00002030    00000050     libsysbm.a : close.c.obj (.text.close)
                  00002080    00000048                : hostclose.c.obj (.text.HOSTclose)
                  000020c8    00000048                : hostunlink.c.obj (.text.HOSTunlink)
                  00002110    00000048     SPI.o (.text._Z14SPI_OutCommandc)
                  00002158    00000040     TExaS.o (.text.TIMG7_IRQHandler)
                  00002198    00000040     SPI.o (.text._Z9SPI_Resetv)
                  000021d8    00000040     libclang_rt.builtins.a : aeabi_uidivmod.S.obj (.text.__aeabi_uidivmod)
                  00002218    00000040     libc.a : fopen.c.obj (.text._search_fp)
                  00002258    00000038     SPI.o (.text._Z11SPI_OutDatac)
                  00002290    00000038     Switch.o (.text._Z11Switch_Initv)
                  000022c8    00000038     LaunchPad.o (.text._Z15ActivatePortA_Bv)
                  00002300    00000034     ST7735.o (.text._Z12ST7735_writeiPKcj)
                  00002334    00000034     Clock.o (.text._Z14Clock_Delay1msj)
                  00002368    00000034     ST7735.o (.text._Z16ST7735_SetCursorjj)
                  0000239c    00000034     LED.o (.text._Z8LED_Initv)
                  000023d0    00000034     libc.a : fopen.c.obj (.text.__TI_cleanup)
                  00002404    00000034     libsysbm.a : trgmsg.c.obj (.text.__TI_readmsg)
                  00002438    00000034                : trgmsg.c.obj (.text.__TI_writemsg)
                  0000246c    00000034     libc.a : exit.c.obj (.text.exit)
                  000024a0    00000034            : getdevice.c.obj (.text.finddevice)
                  000024d4    00000034            : fopen.c.obj (.text.freopen)
                  00002508    00000032     ST7735.o (.text._Z15ST7735_Color565hhh)
                  0000253a    00000002     libc.a : _lock.c.obj (.text._nop)
                  0000253c    00000030     ST7735.o (.text._ZL10commonInitPKh)
                  0000256c    00000030     libc.a : fopen.c.obj (.text.fopen)
                  0000259c    0000002c     ST7735.o (.text._Z17ST7735_FillScreent)
                  000025c8    0000002c     libsysbm.a : unlink.c.obj (.text.unlink)
                  000025f4    00000028     TExaS.o (.text._Z9ADC_StartP10ADC12_Regs)
                  0000261c    00000028     Rocket.o (.text._ZN6rocketC2Eii)
                  00002644    00000028     libc.a : memory.c.obj (.text.free_list_insert)
                  0000266c    00000028     libsysbm.a : write.c.obj (.text.write)
                  00002694    00000028     libc.a : boot_cortex_m.c.obj (.text:_c_int00_noargs)
                  000026bc    00000026     libc++abi.a : stdlib_new_delete.cpp.obj (.text._ZL17operator_new_implj)
                  000026e2    0000001e     ST7735.o (.text._ZL9pushColort)
                  00002700    0000001c     startup_mspm0g3507_ticlang.o (.text.Default_Handler)
                  0000271c    0000001c     startup_mspm0g3507_ticlang.o (.text.HardFault_Handler)
                  00002738    0000001c     libc.a : memory.c.obj (.text.free_list_remove)
                  00002754    00000018     Lab9HMain.o (.text.__cxx_global_var_init)
                  0000276c    00000016     ST7735.o (.text._Z11ST7735_openPKcji)
                  00002782    00000016     ST7735.o (.text._Z11ST7735_readiPcj)
                  00002798    00000016     Rocket.o (.text._ZN6rocket11startMovingEii)
                  000027ae    00000016     Rocket.o (.text._ZN6rocket4getXEv)
                  000027c4    00000016     Rocket.o (.text._ZN6rocket4getYEv)
                  000027da    00000016     libc.a : copy_zero_init.c.obj (.text:decompress:ZI:__TI_zero_init_nomemset)
                  000027f0    00000014     libc++abi.a : stdlib_new_delete.cpp.obj (.text._Znwj)
                  00002804    00000012     libc.a : memcpy16.S.obj (.text:TI_memcpy_small)
                  00002816    00000012            : copy_decompress_none.c.obj (.text:decompress:none)
                  00002828    00000010     Clock.o (.text._Z11Clock_Delayj)
                  00002838    00000010     Lab9HMain.o (.text._Z28TExaS_LaunchPadLogicPB27PB26v)
                  00002848    0000000e     libc.a : memory.c.obj (.text.OUTLINED_FUNCTION_0)
                  00002856    0000000e     ST7735.o (.text._Z12ST7735_lseekili)
                  00002864    0000000e     SlidePot.o (.text._ZN8SlidePotC2Ejj)
                  00002872    0000000e     libsysbm.a : hostrename.c.obj (.text.strcpy)
                  00002880    0000000e                : hostrename.c.obj (.text.strlen)
                  0000288e    0000000e     libc.a : memset16.S.obj (.text:TI_memset_small)
                  0000289c    0000000c     Clock.o (.text._Z10Clock_Freqv)
                  000028a8    0000000c     ST7735.o (.text._Z13ST7735_renamePKcS0_)
                  000028b4    0000000c     libc++abi.a : stdlib_new_delete.cpp.obj (.text._Z22__throw_bad_alloc_shimv)
                  000028c0    0000000c     Rocket.o (.text._ZN6rocket5getVXEv)
                  000028cc    0000000c     Rocket.o (.text._ZN6rocket5getVYEv)
                  000028d8    0000000c     libc++abi.a : cxa_handlers.cpp.obj (.text._ZSt15get_new_handlerv)
                  000028e4    0000000c     libclang_rt.builtins.a : aeabi_memset.S.obj (.text.__aeabi_memclr)
                  000028f0    0000000c     libc.a : memory.c.obj (.text.malloc)
                  000028fc    0000000a     ST7735.o (.text._Z12ST7735_closei)
                  00002906    0000000a     ST7735.o (.text._Z13ST7735_unlinkPKc)
                  00002910    0000000a     Lab9HMain.o (.text._Z8PLL_Initv)
                  0000291a    00000008     SlidePot.o (.text._ZN8SlidePot4InitEv)
                  00002922    00000008     libc++abi.a : stdlib_new_delete.cpp.obj (.text._ZdlPv)
                  0000292a    00000002     --HOLE-- [fill = 0]
                  0000292c    00000008     libclang_rt.builtins.a : aeabi_memcpy.S.obj (.text.__aeabi_memcpy)
                  00002934    00000008     libsysbm.a : remove.c.obj (.text.remove)
                  0000293c    00000004     startup_mspm0g3507_ticlang.o (.text.Reset_Handler)
                  00002940    00000004     libc.a : pre_init.c.obj (.text._system_pre_init)
                  00002944    00000004     libc++abi.a : abort_message.cpp.obj (.text.abort_message)
                  00002948    00000004     libc.a : exit.c.obj (.text:abort)
                  0000294c    00000004     --HOLE-- [fill = 0]

.cinit     0    00003280    00000090     
                  00003280    0000006b     (.cinit..data.load) [load image, compression = lzss]
                  000032eb    00000001     --HOLE-- [fill = 0]
                  000032ec    0000000c     (__TI_handler_table)
                  000032f8    00000008     (.cinit..bss.load) [load image, compression = zero_init]
                  00003300    00000010     (__TI_cinit_table)

.rodata    0    00002950    00000928     
                  00002950    000004fb     ST7735.o (.rodata._ZL4Font)
                  00002e4b    00000001     --HOLE-- [fill = 0]
                  00002e4c    000002d0     Rocket.o (.rodata._ZL16BlueRocket_15x24)
                  0000311c    00000040     Rocket.o (.rodata..L__const._ZN6rocket6rotateEv.rotateX)
                  0000315c    00000040     Rocket.o (.rodata..L__const._ZN6rocket6rotateEv.rotateY)
                  0000319c    0000003b     ST7735.o (.rodata._ZL5Rcmd1)
                  000031d7    0000002d     libc++abi.a : stdlib_new_delete.cpp.obj (.rodata.str1.6945404916631741401)
                  00003204    0000002b     ST7735.o (.rodata._ZL5Rcmd3)
                  0000322f    00000016     ST7735.o (.rodata.str1.67165064839506275441)
                  00003245    0000000d     ST7735.o (.rodata._ZL10Rcmd2green)
                  00003252    0000000d     ST7735.o (.rodata._ZL8Rcmd2red)
                  0000325f    00000008     ST7735.o (.rodata.str1.120086730003447944921)
                  00003267    00000007     ST7735.o (.rodata.str1.169659734181648926761)
                  0000326e    00000007     ST7735.o (.rodata.str1.2695294778673128631)
                  00003275    00000002     ST7735.o (.rodata.str1.116550166073745368321)
                  00003277    00000001     --HOLE-- [fill = 0]

.init_array 
*          0    00003278    00000008     
                  00003278    00000004     Lab9HMain.o (.init_array)
                  0000327c    00000004     --HOLE-- [fill = 0]

.data      0    20200000    0000020d     UNINITIALIZED
                  20200000    000000f0     libc.a : defs.c.obj (.data._ftable)
                  202000f0    00000078     libsysbm.a : host_device.c.obj (.data._device)
                  20200168    00000050                : host_device.c.obj (.data._stream)
                  202001b8    00000014     Lab9HMain.o (.data.Sensor)
                  202001cc    00000008     libc.a : exit.c.obj (.data..L_MergedGlobals)
                  202001d4    00000004     Clock.o (.data.BusFreq)
                  202001d8    00000004     ST7735.o (.data.StX)
                  202001dc    00000004     ST7735.o (.data.StY)
                  202001e0    00000004     Rocket.o (.data._ZZN6rocket6rotateEvE9direction)
                  202001e4    00000004     libc.a : defs.c.obj (.data.__TI_ft_end)
                  202001e8    00000004     libc++abi.a : cxa_default_handlers.cpp.obj (.data.__cxa_new_handler)
                  202001ec    00000004     libc.a : _lock.c.obj (.data._lock)
                  202001f0    00000004            : _lock.c.obj (.data._unlock)
                  202001f4    00000004     Lab9HMain.o (.data.currentBullet)
                  202001f8    00000004     Lab9HMain.o (.data.flag)
                  202001fc    00000002     ST7735.o (.data.StTextColor)
                  202001fe    00000002     ST7735.o (.data._ZL6_width)
                  20200200    00000002     ST7735.o (.data._ZL7_height)
                  20200202    00000002     --HOLE--
                  20200204    00000001     libsysbm.a : add_device.c.obj (.data.add_device.device_init)
                  20200205    00000003     --HOLE--
                  20200208    00000001     libc.a : memory.c.obj (.data.memory_is_initialized)
                  20200209    00000003     --HOLE--
                  2020020c    00000001     libsysbm.a : open.c.obj (.data.open.stream_init)

.sysmem    0    20200210    00000200     UNINITIALIZED
                  20200210    00000010     libc.a : memory.c.obj (.sysmem)
                  20200220    000001f0     --HOLE--

.bss       0    20200410    000001db     UNINITIALIZED
                  20200410    00000120     libsysbm.a : trgmsg.c.obj (.bss:_CIOBUF_)
                  20200530    000000a0     libc.a : defs.c.obj (.bss.__TI_tmpnams)
                  202005d0    00000008     libsysbm.a : hostopen.c.obj (.bss.parmbuf)
                  202005d8    00000004     TExaS.o (.bss.TExaSLogic)
                  202005dc    00000004     TExaS.o (.bss.TExaSadc)
                  202005e0    00000004     Lab9HMain.o (.bss.ship1)
                  202005e4    00000004     libc.a : memory.c.obj (.bss.sys_free)
                  202005e8    00000001     ST7735.o (.bss._ZL8ColStart)
                  202005e9    00000001     ST7735.o (.bss._ZL8RowStart)
                  202005ea    00000001     ST7735.o (.bss._ZL8TabColor)

.stack     0    20207e00    00000200     UNINITIALIZED
                  20207e00    00000004     libc.a : boot_cortex_m.c.obj (.stack)
                  20207e04    000001fc     --HOLE--

__llvm_prf_cnts 
*          0    20200000    00000000     UNINITIALIZED

__llvm_prf_bits 
*          0    20200000    00000000     UNINITIALIZED

MODULE SUMMARY

       Module                         code    ro data   rw data
       ------                         ----    -------   -------
    ./
       ST7735.o                       2648    1449      17     
       Rocket.o                       534     848       4      
       TExaS.o                        720     0         8      
       Lab9HMain.o                    486     4         32     
       Clock.o                        516     0         4      
       Bullet.o                       466     0         0      
       SPI.o                          440     0         0      
       Timer.o                        316     0         0      
       LaunchPad.o                    180     0         0      
       Switch.o                       56      0         0      
       LED.o                          52      0         0      
       SlidePot.o                     22      0         0      
       Sound.o                        4       0         0      
    +--+------------------------------+-------+---------+---------+
       Total:                         6440    2301      65     
                                                               
    ./ticlang/
       startup_mspm0g3507_ticlang.o   60      192       0      
    +--+------------------------------+-------+---------+---------+
       Total:                         60      192       0      
                                                               
    /Applications/ti/ccs2000/ccs/tools/compiler/ti-cgt-armllvm_4.0.1.LTS/lib/armv6m-ti-none-eabi/c/libc.a
       memory.c.obj                   702     0         5      
       fopen.c.obj                    556     0         0      
       defs.c.obj                     0       0         404    
       setvbuf.c.obj                  224     0         0      
       getdevice.c.obj                160     0         0      
       strcmp-armv6m.S.obj            136     0         0      
       copy_decompress_lzss.c.obj     124     0         0      
       fclose.c.obj                   124     0         0      
       autoinit.c.obj                 84      0         0      
       fflush.c.obj                   82      0         0      
       exit.c.obj                     56      0         8      
       boot_cortex_m.c.obj            40      0         0      
       copy_zero_init.c.obj           22      0         0      
       copy_decompress_none.c.obj     18      0         0      
       memcpy16.S.obj                 18      0         0      
       memset16.S.obj                 14      0         0      
       _lock.c.obj                    2       0         8      
       pre_init.c.obj                 4       0         0      
    +--+------------------------------+-------+---------+---------+
       Total:                         2366    0         425    
                                                               
    /Applications/ti/ccs2000/ccs/tools/compiler/ti-cgt-armllvm_4.0.1.LTS/lib/armv6m-ti-none-eabi/c/libsysbm.a
       trgmsg.c.obj                   104     0         288    
       add_device.c.obj               236     0         1      
       host_device.c.obj              0       0         200    
       open.c.obj                     160     0         1      
       hostrename.c.obj               136     0         0      
       hostlseek.c.obj                108     0         0      
       hostopen.c.obj                 96      0         8      
       hostread.c.obj                 88      0         0      
       hostwrite.c.obj                88      0         0      
       close.c.obj                    80      0         0      
       hostclose.c.obj                72      0         0      
       hostunlink.c.obj               72      0         0      
       unlink.c.obj                   44      0         0      
       write.c.obj                    40      0         0      
       remove.c.obj                   8       0         0      
    +--+------------------------------+-------+---------+---------+
       Total:                         1332    0         498    
                                                               
    /Applications/ti/ccs2000/ccs/tools/compiler/ti-cgt-armllvm_4.0.1.LTS/lib/armv6m-ti-none-eabi/libc++abi.a
       stdlib_new_delete.cpp.obj      78      45        0      
       cxa_handlers.cpp.obj           12      0         0      
       abort_message.cpp.obj          4       0         0      
       cxa_default_handlers.cpp.obj   0       0         4      
    +--+------------------------------+-------+---------+---------+
       Total:                         94      45        4      
                                                               
    /Applications/ti/ccs2000/ccs/tools/compiler/ti-cgt-armllvm_4.0.1.LTS/lib/armv6m-ti-none-eabi/libclang_rt.builtins.a
       aeabi_uidivmod.S.obj           64      0         0      
       aeabi_memset.S.obj             12      0         0      
       aeabi_memcpy.S.obj             8       0         0      
       aeabi_div0.c.obj               2       0         0      
    +--+------------------------------+-------+---------+---------+
       Total:                         86      0         0      
                                                               
       Heap:                          0       0         512    
       Stack:                         0       0         512    
       Linker Generated:              0       143       0      
    +--+------------------------------+-------+---------+---------+
       Grand Total:                   10378   2681      2016   


LINKER GENERATED COPY TABLES

__TI_cinit_table @ 00003300 records: 2, size/record: 8, table size: 16
	.data: load addr=00003280, load size=0000006b bytes, run addr=20200000, run size=0000020d bytes, compression=lzss
	.bss: load addr=000032f8, load size=00000008 bytes, run addr=20200410, run size=000001db bytes, compression=zero_init


LINKER GENERATED HANDLER TABLE

__TI_handler_table @ 000032ec records: 3, size/record: 4, table size: 12
	index: 0, handler: __TI_decompress_lzss
	index: 1, handler: __TI_decompress_none
	index: 2, handler: __TI_zero_init


GLOBAL SYMBOLS: SORTED ALPHABETICALLY BY Name 

address   name                             
-------   ----                             
00002701  ADC0_IRQHandler                  
00002701  ADC1_IRQHandler                  
00002701  AES_IRQHandler                   
202001d4  BusFreq                          
00002948  C$$EXIT                          
00002465  C$$IO$$                          
00002701  CANFD0_IRQHandler                
00002701  DAC0_IRQHandler                  
00002701  DMA_IRQHandler                   
00002701  Default_Handler                  
00002701  GROUP0_IRQHandler                
00002701  GROUP1_IRQHandler                
00002081  HOSTclose                        
00001c0d  HOSTlseek                        
00001e21  HOSTopen                         
00001e81  HOSTread                         
00001c79  HOSTrename                       
000020c9  HOSTunlink                       
00001ed9  HOSTwrite                        
0000271d  HardFault_Handler                
00002701  I2C0_IRQHandler                  
00002701  I2C1_IRQHandler                  
00002701  NMI_Handler                      
00002701  PendSV_Handler                   
00002701  RTC_IRQHandler                   
0000293d  Reset_Handler                    
00003278  SHT$$INIT_ARRAY$$Base            
0000327c  SHT$$INIT_ARRAY$$Limit           
00002701  SPI0_IRQHandler                  
00002701  SPI1_IRQHandler                  
00002701  SVC_Handler                      
202001b8  Sensor                           
202001fc  StTextColor                      
202001d8  StX                              
202001dc  StY                              
000015a7  SysTick_Handler                  
202005d8  TExaSLogic                       
202005dc  TExaSadc                         
00002701  TIMA0_IRQHandler                 
00002701  TIMA1_IRQHandler                 
00002701  TIMG0_IRQHandler                 
00001399  TIMG12_IRQHandler                
00002701  TIMG6_IRQHandler                 
00002159  TIMG7_IRQHandler                 
00002701  TIMG8_IRQHandler                 
00002805  TI_memcpy_small                  
0000288f  TI_memset_small                  
00002701  UART0_IRQHandler                 
00002701  UART1_IRQHandler                 
00002701  UART2_IRQHandler                 
00002701  UART3_IRQHandler                 
20200410  _CIOBUF_                         
0000289d  _Z10Clock_Freqv                  
00001b9b  _Z10Sound_Initv                  
00001f31  _Z10TExaS_InitP10ADC12_RegsjPFhvE
00002829  _Z11Clock_Delayj                 
00002259  _Z11SPI_OutDatac                 
0000276d  _Z11ST7735_openPKcji             
00002783  _Z11ST7735_readiPcj              
00002291  _Z11Switch_Initv                 
000016e5  _Z12ST7735_InitR10initRFlags     
000028fd  _Z12ST7735_closei                
00002857  _Z12ST7735_lseekili              
00002301  _Z12ST7735_writeiPKcj            
000028a9  _Z13ST7735_renamePKcS0_          
00002907  _Z13ST7735_unlinkPKc             
00002335  _Z14Clock_Delay1msj              
000019ad  _Z14LaunchPad_Initv              
00002111  _Z14SPI_OutCommandc              
000012c9  _Z14ST7735_OutCharc              
0000145d  _Z14TimerG7_IntArmtjj            
000022c9  _Z15ActivatePortA_Bv             
000002d1  _Z15Clock_Init80MHzi             
00002509  _Z15ST7735_Color565hhh           
00000b21  _Z15ST7735_FillRectsssst         
0000177d  _Z15TimerG12_IntArmjj            
00000485  _Z16ST7735_DrawCharSsscssh       
00001b9d  _Z16ST7735_DrawPixelsst          
00002369  _Z16ST7735_SetCursorjj           
000000c1  _Z17ST7735_DrawBitmapssPKtss     
00001929  _Z17ST7735_DrawStringttPcs       
0000259d  _Z17ST7735_FillScreent           
00001649  _Z17ST7735_InitPrintfv           
000028b5  _Z22__throw_bad_alloc_shimv      
00002839  _Z28TExaS_LaunchPadLogicPB27PB26v
000008d1  _Z8ADC_InitP10ADC12_Regsjj       
0000239d  _Z8LED_Initv                     
00002911  _Z8PLL_Initv                     
00000d4d  _Z8SPI_Initv                     
000025f5  _Z9ADC_StartP10ADC12_Regs        
00002199  _Z9SPI_Resetv                    
00000f31  _Z9UART_Initv                    
00000625  _ZN6bullet4drawEv                
00001b21  _ZN6bulletC1E6rocket             
00001b21  _ZN6bulletC2E6rocket             
00002799  _ZN6rocket11startMovingEii       
000009f9  _ZN6rocket4drawEv                
000027af  _ZN6rocket4getXEv                
000027c5  _ZN6rocket4getYEv                
000028c1  _ZN6rocket5getVXEv               
000028cd  _ZN6rocket5getVYEv               
00001ce5  _ZN6rocket6rotateEv              
0000261d  _ZN6rocketC1Eii                  
0000261d  _ZN6rocketC2Eii                  
0000291b  _ZN8SlidePot4InitEv              
00002865  _ZN8SlidePotC1Ejj                
00002865  _ZN8SlidePotC2Ejj                
000028d9  _ZSt15get_new_handlerv           
00002923  _ZdlPv                           
000027f1  _Znwj                            
20200410  __CIOBUF_                        
20208000  __STACK_END                      
00000200  __STACK_SIZE                     
00000200  __SYSMEM_SIZE                    
00000000  __TI_ATRegion0_region_sz         
00000000  __TI_ATRegion0_src_addr          
00000000  __TI_ATRegion0_trg_addr          
00000000  __TI_ATRegion1_region_sz         
00000000  __TI_ATRegion1_src_addr          
00000000  __TI_ATRegion1_trg_addr          
00000000  __TI_ATRegion2_region_sz         
00000000  __TI_ATRegion2_src_addr          
00000000  __TI_ATRegion2_trg_addr          
00003300  __TI_CINIT_Base                  
00003310  __TI_CINIT_Limit                 
00003310  __TI_CINIT_Warm                  
000032ec  __TI_Handler_Table_Base          
000032f8  __TI_Handler_Table_Limit         
00001f89  __TI_auto_init_nobinit           
000023d1  __TI_cleanup                     
202001cc  __TI_cleanup_ptr                 
00001a29  __TI_closefile                   
00001aa5  __TI_decompress_lzss             
00002817  __TI_decompress_none             
00001fdd  __TI_doflush                     
202001d0  __TI_dtors_ptr                   
202001e4  __TI_ft_end                      
ffffffff  __TI_pprof_out_hndl              
ffffffff  __TI_prof_data_size              
ffffffff  __TI_prof_data_start             
00002405  __TI_readmsg                     
00000000  __TI_static_base__               
20200530  __TI_tmpnams                     
00002439  __TI_writemsg                    
000027db  __TI_zero_init_nomemset          
0000202f  __aeabi_idiv0                    
000028e5  __aeabi_memclr                   
000028e5  __aeabi_memclr4                  
000028e5  __aeabi_memclr8                  
0000292d  __aeabi_memcpy                   
0000292d  __aeabi_memcpy4                  
0000292d  __aeabi_memcpy8                  
000021d9  __aeabi_uidiv                    
000021d9  __aeabi_uidivmod                 
ffffffff  __binit__                        
202001e8  __cxa_new_handler                
UNDEFED   __mpu_init                       
20207e00  __stack                          
20200000  __start___llvm_prf_bits          
20200000  __start___llvm_prf_cnts          
20200000  __stop___llvm_prf_bits           
20200000  __stop___llvm_prf_cnts           
00002695  _c_int00_noargs                  
202000f0  _device                          
20200000  _ftable                          
202001ec  _lock                            
0000253b  _nop                             
20200168  _stream                          
20200210  _sys_memory                      
UNDEFED   _system_post_cinit               
00002941  _system_pre_init                 
202001f0  _unlock                          
00002949  abort                            
00002945  abort_message                    
00000e45  add_device                       
00000c39  aligned_alloc                    
ffffffff  binit                            
00002031  close                            
202001f4  currentBullet                    
0000246d  exit                             
000024a1  finddevice                       
202001f8  flag                             
0000256d  fopen                            
00001019  free                             
000024d5  freopen                          
00001d51  getdevice                        
00000000  interruptVectors                 
00001101  main                             
000028f1  malloc                           
00000c39  memalign                         
000015a9  open                             
202005d0  parmbuf                          
00002935  remove                           
000011e9  setvbuf                          
202005e0  ship1                            
000018a1  strcmp                           
000025c9  unlink                           
0000266d  write                            


GLOBAL SYMBOLS: SORTED BY Symbol Address 

address   name                             
-------   ----                             
00000000  __TI_ATRegion0_region_sz         
00000000  __TI_ATRegion0_src_addr          
00000000  __TI_ATRegion0_trg_addr          
00000000  __TI_ATRegion1_region_sz         
00000000  __TI_ATRegion1_src_addr          
00000000  __TI_ATRegion1_trg_addr          
00000000  __TI_ATRegion2_region_sz         
00000000  __TI_ATRegion2_src_addr          
00000000  __TI_ATRegion2_trg_addr          
00000000  __TI_static_base__               
00000000  interruptVectors                 
000000c1  _Z17ST7735_DrawBitmapssPKtss     
00000200  __STACK_SIZE                     
00000200  __SYSMEM_SIZE                    
000002d1  _Z15Clock_Init80MHzi             
00000485  _Z16ST7735_DrawCharSsscssh       
00000625  _ZN6bullet4drawEv                
000008d1  _Z8ADC_InitP10ADC12_Regsjj       
000009f9  _ZN6rocket4drawEv                
00000b21  _Z15ST7735_FillRectsssst         
00000c39  aligned_alloc                    
00000c39  memalign                         
00000d4d  _Z8SPI_Initv                     
00000e45  add_device                       
00000f31  _Z9UART_Initv                    
00001019  free                             
00001101  main                             
000011e9  setvbuf                          
000012c9  _Z14ST7735_OutCharc              
00001399  TIMG12_IRQHandler                
0000145d  _Z14TimerG7_IntArmtjj            
000015a7  SysTick_Handler                  
000015a9  open                             
00001649  _Z17ST7735_InitPrintfv           
000016e5  _Z12ST7735_InitR10initRFlags     
0000177d  _Z15TimerG12_IntArmjj            
000018a1  strcmp                           
00001929  _Z17ST7735_DrawStringttPcs       
000019ad  _Z14LaunchPad_Initv              
00001a29  __TI_closefile                   
00001aa5  __TI_decompress_lzss             
00001b21  _ZN6bulletC1E6rocket             
00001b21  _ZN6bulletC2E6rocket             
00001b9b  _Z10Sound_Initv                  
00001b9d  _Z16ST7735_DrawPixelsst          
00001c0d  HOSTlseek                        
00001c79  HOSTrename                       
00001ce5  _ZN6rocket6rotateEv              
00001d51  getdevice                        
00001e21  HOSTopen                         
00001e81  HOSTread                         
00001ed9  HOSTwrite                        
00001f31  _Z10TExaS_InitP10ADC12_RegsjPFhvE
00001f89  __TI_auto_init_nobinit           
00001fdd  __TI_doflush                     
0000202f  __aeabi_idiv0                    
00002031  close                            
00002081  HOSTclose                        
000020c9  HOSTunlink                       
00002111  _Z14SPI_OutCommandc              
00002159  TIMG7_IRQHandler                 
00002199  _Z9SPI_Resetv                    
000021d9  __aeabi_uidiv                    
000021d9  __aeabi_uidivmod                 
00002259  _Z11SPI_OutDatac                 
00002291  _Z11Switch_Initv                 
000022c9  _Z15ActivatePortA_Bv             
00002301  _Z12ST7735_writeiPKcj            
00002335  _Z14Clock_Delay1msj              
00002369  _Z16ST7735_SetCursorjj           
0000239d  _Z8LED_Initv                     
000023d1  __TI_cleanup                     
00002405  __TI_readmsg                     
00002439  __TI_writemsg                    
00002465  C$$IO$$                          
0000246d  exit                             
000024a1  finddevice                       
000024d5  freopen                          
00002509  _Z15ST7735_Color565hhh           
0000253b  _nop                             
0000256d  fopen                            
0000259d  _Z17ST7735_FillScreent           
000025c9  unlink                           
000025f5  _Z9ADC_StartP10ADC12_Regs        
0000261d  _ZN6rocketC1Eii                  
0000261d  _ZN6rocketC2Eii                  
0000266d  write                            
00002695  _c_int00_noargs                  
00002701  ADC0_IRQHandler                  
00002701  ADC1_IRQHandler                  
00002701  AES_IRQHandler                   
00002701  CANFD0_IRQHandler                
00002701  DAC0_IRQHandler                  
00002701  DMA_IRQHandler                   
00002701  Default_Handler                  
00002701  GROUP0_IRQHandler                
00002701  GROUP1_IRQHandler                
00002701  I2C0_IRQHandler                  
00002701  I2C1_IRQHandler                  
00002701  NMI_Handler                      
00002701  PendSV_Handler                   
00002701  RTC_IRQHandler                   
00002701  SPI0_IRQHandler                  
00002701  SPI1_IRQHandler                  
00002701  SVC_Handler                      
00002701  TIMA0_IRQHandler                 
00002701  TIMA1_IRQHandler                 
00002701  TIMG0_IRQHandler                 
00002701  TIMG6_IRQHandler                 
00002701  TIMG8_IRQHandler                 
00002701  UART0_IRQHandler                 
00002701  UART1_IRQHandler                 
00002701  UART2_IRQHandler                 
00002701  UART3_IRQHandler                 
0000271d  HardFault_Handler                
0000276d  _Z11ST7735_openPKcji             
00002783  _Z11ST7735_readiPcj              
00002799  _ZN6rocket11startMovingEii       
000027af  _ZN6rocket4getXEv                
000027c5  _ZN6rocket4getYEv                
000027db  __TI_zero_init_nomemset          
000027f1  _Znwj                            
00002805  TI_memcpy_small                  
00002817  __TI_decompress_none             
00002829  _Z11Clock_Delayj                 
00002839  _Z28TExaS_LaunchPadLogicPB27PB26v
00002857  _Z12ST7735_lseekili              
00002865  _ZN8SlidePotC1Ejj                
00002865  _ZN8SlidePotC2Ejj                
0000288f  TI_memset_small                  
0000289d  _Z10Clock_Freqv                  
000028a9  _Z13ST7735_renamePKcS0_          
000028b5  _Z22__throw_bad_alloc_shimv      
000028c1  _ZN6rocket5getVXEv               
000028cd  _ZN6rocket5getVYEv               
000028d9  _ZSt15get_new_handlerv           
000028e5  __aeabi_memclr                   
000028e5  __aeabi_memclr4                  
000028e5  __aeabi_memclr8                  
000028f1  malloc                           
000028fd  _Z12ST7735_closei                
00002907  _Z13ST7735_unlinkPKc             
00002911  _Z8PLL_Initv                     
0000291b  _ZN8SlidePot4InitEv              
00002923  _ZdlPv                           
0000292d  __aeabi_memcpy                   
0000292d  __aeabi_memcpy4                  
0000292d  __aeabi_memcpy8                  
00002935  remove                           
0000293d  Reset_Handler                    
00002941  _system_pre_init                 
00002945  abort_message                    
00002948  C$$EXIT                          
00002949  abort                            
00003278  SHT$$INIT_ARRAY$$Base            
0000327c  SHT$$INIT_ARRAY$$Limit           
000032ec  __TI_Handler_Table_Base          
000032f8  __TI_Handler_Table_Limit         
00003300  __TI_CINIT_Base                  
00003310  __TI_CINIT_Limit                 
00003310  __TI_CINIT_Warm                  
20200000  __start___llvm_prf_bits          
20200000  __start___llvm_prf_cnts          
20200000  __stop___llvm_prf_bits           
20200000  __stop___llvm_prf_cnts           
20200000  _ftable                          
202000f0  _device                          
20200168  _stream                          
202001b8  Sensor                           
202001cc  __TI_cleanup_ptr                 
202001d0  __TI_dtors_ptr                   
202001d4  BusFreq                          
202001d8  StX                              
202001dc  StY                              
202001e4  __TI_ft_end                      
202001e8  __cxa_new_handler                
202001ec  _lock                            
202001f0  _unlock                          
202001f4  currentBullet                    
202001f8  flag                             
202001fc  StTextColor                      
20200210  _sys_memory                      
20200410  _CIOBUF_                         
20200410  __CIOBUF_                        
20200530  __TI_tmpnams                     
202005d0  parmbuf                          
202005d8  TExaSLogic                       
202005dc  TExaSadc                         
202005e0  ship1                            
20207e00  __stack                          
20208000  __STACK_END                      
ffffffff  __TI_pprof_out_hndl              
ffffffff  __TI_prof_data_size              
ffffffff  __TI_prof_data_start             
ffffffff  __binit__                        
ffffffff  binit                            
UNDEFED   __mpu_init                       
UNDEFED   _system_post_cinit               

[198 symbols]
